Command line invocation:
    /Applications/Xcode_26.6.app/Contents/Developer/usr/bin/xcodebuild -project LernheftPad.xcodeproj -scheme LernheftPad -configuration Release -destination generic/platform=iOS -derivedDataPath build/device CODE_SIGNING_ALLOWED=NO CODE_SIGNING_REQUIRED=NO CODE_SIGN_IDENTITY= build

Build settings from command line:
    CODE_SIGN_IDENTITY = 
    CODE_SIGNING_ALLOWED = NO
    CODE_SIGNING_REQUIRED = NO

note: Using codesigning identity override: 
ComputePackagePrebuildTargetDependencyGraph

Prepare packages

CreateBuildRequest

SendProjectDescription

CreateBuildOperation

ComputeTargetDependencyGraph
note: Building targets in dependency order
note: Target dependency graph (1 target)
    Target 'LernheftPad' in project 'LernheftPad' (no dependencies)

GatherProvisioningInputs

CreateBuildDescription

ExecuteExternalTool /Applications/Xcode_26.6.app/Contents/Developer/usr/bin/actool --print-asset-tag-combinations --output-format xml1 /Users/runner/work/Test_Umgebung/Test_Umgebung/ipad/LernheftPad/Assets.xcassets

ExecuteExternalTool /Applications/Xcode_26.6.app/Contents/Developer/Toolchains/XcodeDefault.xctoolchain/usr/bin/clang -v -E -dM -isysroot /Applications/Xcode_26.6.app/Contents/Developer/Platforms/iPhoneOS.platform/Developer/SDKs/iPhoneOS26.5.sdk -x c -c /dev/null

ExecuteExternalTool /Applications/Xcode_26.6.app/Contents/Developer/usr/bin/actool --version --output-format xml1

ExecuteExternalTool /Applications/Xcode_26.6.app/Contents/Developer/Toolchains/XcodeDefault.xctoolchain/usr/bin/swiftc --version

ExecuteExternalTool /Applications/Xcode_26.6.app/Contents/Developer/Toolchains/XcodeDefault.xctoolchain/usr/bin/ld -version_details

Build description signature: 8337912359e6d42f4ff06042cf66f2fe
Build description path: /Users/runner/work/Test_Umgebung/Test_Umgebung/ipad/build/device/Build/Intermediates.noindex/XCBuildData/8337912359e6d42f4ff06042cf66f2fe.xcbuilddata
CreateBuildDirectory /Users/runner/work/Test_Umgebung/Test_Umgebung/ipad/build/device/Build/Products
    cd /Users/runner/work/Test_Umgebung/Test_Umgebung/ipad/LernheftPad.xcodeproj
    builtin-create-build-directory /Users/runner/work/Test_Umgebung/Test_Umgebung/ipad/build/device/Build/Products

CreateBuildDirectory /Users/runner/work/Test_Umgebung/Test_Umgebung/ipad/build/device/Build/Intermediates.noindex
    cd /Users/runner/work/Test_Umgebung/Test_Umgebung/ipad/LernheftPad.xcodeproj
    builtin-create-build-directory /Users/runner/work/Test_Umgebung/Test_Umgebung/ipad/build/device/Build/Intermediates.noindex

ClangStatCache /Applications/Xcode_26.6.app/Contents/Developer/Toolchains/XcodeDefault.xctoolchain/usr/bin/clang-stat-cache /Applications/Xcode_26.6.app/Contents/Developer/Platforms/iPhoneOS.platform/Developer/SDKs/iPhoneOS26.5.sdk /Users/runner/work/Test_Umgebung/Test_Umgebung/ipad/build/device/SDKStatCaches.noindex/iphoneos26.5-23F81a-688ef53f1462e2c8f657fdc38a81448fee66e23052a0157c865c76b268046726.sdkstatcache
    cd /Users/runner/work/Test_Umgebung/Test_Umgebung/ipad/LernheftPad.xcodeproj
    /Applications/Xcode_26.6.app/Contents/Developer/Toolchains/XcodeDefault.xctoolchain/usr/bin/clang-stat-cache /Applications/Xcode_26.6.app/Contents/Developer/Platforms/iPhoneOS.platform/Developer/SDKs/iPhoneOS26.5.sdk -o /Users/runner/work/Test_Umgebung/Test_Umgebung/ipad/build/device/SDKStatCaches.noindex/iphoneos26.5-23F81a-688ef53f1462e2c8f657fdc38a81448fee66e23052a0157c865c76b268046726.sdkstatcache

WriteAuxiliaryFile /Users/runner/work/Test_Umgebung/Test_Umgebung/ipad/build/device/Build/Intermediates.noindex/LernheftPad.build/Release-iphoneos/LernheftPad-3c3219af28b84aed0f6c3a87ce64bced-VFS-iphoneos/all-product-headers.yaml
    cd /Users/runner/work/Test_Umgebung/Test_Umgebung/ipad/LernheftPad.xcodeproj
    write-file /Users/runner/work/Test_Umgebung/Test_Umgebung/ipad/build/device/Build/Intermediates.noindex/LernheftPad.build/Release-iphoneos/LernheftPad-3c3219af28b84aed0f6c3a87ce64bced-VFS-iphoneos/all-product-headers.yaml

CreateBuildDirectory /Users/runner/work/Test_Umgebung/Test_Umgebung/ipad/build/device/Build/Products/Release-iphoneos
    cd /Users/runner/work/Test_Umgebung/Test_Umgebung/ipad/LernheftPad.xcodeproj
    builtin-create-build-directory /Users/runner/work/Test_Umgebung/Test_Umgebung/ipad/build/device/Build/Products/Release-iphoneos

CreateBuildDirectory /Users/runner/work/Test_Umgebung/Test_Umgebung/ipad/build/device/Build/Intermediates.noindex/SwiftExplicitPrecompiledModules
    cd /Users/runner/work/Test_Umgebung/Test_Umgebung/ipad/LernheftPad.xcodeproj
    builtin-create-build-directory /Users/runner/work/Test_Umgebung/Test_Umgebung/ipad/build/device/Build/Intermediates.noindex/SwiftExplicitPrecompiledModules

CreateBuildDirectory /Users/runner/work/Test_Umgebung/Test_Umgebung/ipad/build/device/Build/Intermediates.noindex/ExplicitPrecompiledModules
    cd /Users/runner/work/Test_Umgebung/Test_Umgebung/ipad/LernheftPad.xcodeproj
    builtin-create-build-directory /Users/runner/work/Test_Umgebung/Test_Umgebung/ipad/build/device/Build/Intermediates.noindex/ExplicitPrecompiledModules

CreateBuildDirectory /Users/runner/work/Test_Umgebung/Test_Umgebung/ipad/build/device/Build/Intermediates.noindex/EagerLinkingTBDs/Release-iphoneos
    cd /Users/runner/work/Test_Umgebung/Test_Umgebung/ipad/LernheftPad.xcodeproj
    builtin-create-build-directory /Users/runner/work/Test_Umgebung/Test_Umgebung/ipad/build/device/Build/Intermediates.noindex/EagerLinkingTBDs/Release-iphoneos

WriteAuxiliaryFile /Users/runner/work/Test_Umgebung/Test_Umgebung/ipad/build/device/Build/Intermediates.noindex/LernheftPad.build/Release-iphoneos/LernheftPad.build/Objects-normal/arm64/LernheftPad_const_extract_protocols.json (in target 'LernheftPad' from project 'LernheftPad')
    cd /Users/runner/work/Test_Umgebung/Test_Umgebung/ipad
    write-file /Users/runner/work/Test_Umgebung/Test_Umgebung/ipad/build/device/Build/Intermediates.noindex/LernheftPad.build/Release-iphoneos/LernheftPad.build/Objects-normal/arm64/LernheftPad_const_extract_protocols.json

WriteAuxiliaryFile /Users/runner/work/Test_Umgebung/Test_Umgebung/ipad/build/device/Build/Intermediates.noindex/LernheftPad.build/Release-iphoneos/LernheftPad.build/Objects-normal/arm64/LernheftPad.SwiftFileList (in target 'LernheftPad' from project 'LernheftPad')
    cd /Users/runner/work/Test_Umgebung/Test_Umgebung/ipad
    write-file /Users/runner/work/Test_Umgebung/Test_Umgebung/ipad/build/device/Build/Intermediates.noindex/LernheftPad.build/Release-iphoneos/LernheftPad.build/Objects-normal/arm64/LernheftPad.SwiftFileList

WriteAuxiliaryFile /Users/runner/work/Test_Umgebung/Test_Umgebung/ipad/build/device/Build/Intermediates.noindex/LernheftPad.build/Release-iphoneos/LernheftPad.build/Objects-normal/arm64/LernheftPad.SwiftConstValuesFileList (in target 'LernheftPad' from project 'LernheftPad')
    cd /Users/runner/work/Test_Umgebung/Test_Umgebung/ipad
    write-file /Users/runner/work/Test_Umgebung/Test_Umgebung/ipad/build/device/Build/Intermediates.noindex/LernheftPad.build/Release-iphoneos/LernheftPad.build/Objects-normal/arm64/LernheftPad.SwiftConstValuesFileList

WriteAuxiliaryFile /Users/runner/work/Test_Umgebung/Test_Umgebung/ipad/build/device/Build/Intermediates.noindex/LernheftPad.build/Release-iphoneos/LernheftPad.build/Objects-normal/arm64/LernheftPad.LinkFileList (in target 'LernheftPad' from project 'LernheftPad')
    cd /Users/runner/work/Test_Umgebung/Test_Umgebung/ipad
    write-file /Users/runner/work/Test_Umgebung/Test_Umgebung/ipad/build/device/Build/Intermediates.noindex/LernheftPad.build/Release-iphoneos/LernheftPad.build/Objects-normal/arm64/LernheftPad.LinkFileList

WriteAuxiliaryFile /Users/runner/work/Test_Umgebung/Test_Umgebung/ipad/build/device/Build/Intermediates.noindex/LernheftPad.build/Release-iphoneos/LernheftPad.build/Objects-normal/arm64/LernheftPad-OutputFileMap.json (in target 'LernheftPad' from project 'LernheftPad')
    cd /Users/runner/work/Test_Umgebung/Test_Umgebung/ipad
    write-file /Users/runner/work/Test_Umgebung/Test_Umgebung/ipad/build/device/Build/Intermediates.noindex/LernheftPad.build/Release-iphoneos/LernheftPad.build/Objects-normal/arm64/LernheftPad-OutputFileMap.json

WriteAuxiliaryFile /Users/runner/work/Test_Umgebung/Test_Umgebung/ipad/build/device/Build/Intermediates.noindex/LernheftPad.build/Release-iphoneos/LernheftPad.build/LernheftPad.hmap (in target 'LernheftPad' from project 'LernheftPad')
    cd /Users/runner/work/Test_Umgebung/Test_Umgebung/ipad
    write-file /Users/runner/work/Test_Umgebung/Test_Umgebung/ipad/build/device/Build/Intermediates.noindex/LernheftPad.build/Release-iphoneos/LernheftPad.build/LernheftPad.hmap

WriteAuxiliaryFile /Users/runner/work/Test_Umgebung/Test_Umgebung/ipad/build/device/Build/Intermediates.noindex/LernheftPad.build/Release-iphoneos/LernheftPad.build/LernheftPad.DependencyStaticMetadataFileList (in target 'LernheftPad' from project 'LernheftPad')
    cd /Users/runner/work/Test_Umgebung/Test_Umgebung/ipad
    write-file /Users/runner/work/Test_Umgebung/Test_Umgebung/ipad/build/device/Build/Intermediates.noindex/LernheftPad.build/Release-iphoneos/LernheftPad.build/LernheftPad.DependencyStaticMetadataFileList

WriteAuxiliaryFile /Users/runner/work/Test_Umgebung/Test_Umgebung/ipad/build/device/Build/Intermediates.noindex/LernheftPad.build/Release-iphoneos/LernheftPad.build/LernheftPad.DependencyMetadataFileList (in target 'LernheftPad' from project 'LernheftPad')
    cd /Users/runner/work/Test_Umgebung/Test_Umgebung/ipad
    write-file /Users/runner/work/Test_Umgebung/Test_Umgebung/ipad/build/device/Build/Intermediates.noindex/LernheftPad.build/Release-iphoneos/LernheftPad.build/LernheftPad.DependencyMetadataFileList

WriteAuxiliaryFile /Users/runner/work/Test_Umgebung/Test_Umgebung/ipad/build/device/Build/Intermediates.noindex/LernheftPad.build/Release-iphoneos/LernheftPad.build/LernheftPad-project-headers.hmap (in target 'LernheftPad' from project 'LernheftPad')
    cd /Users/runner/work/Test_Umgebung/Test_Umgebung/ipad
    write-file /Users/runner/work/Test_Umgebung/Test_Umgebung/ipad/build/device/Build/Intermediates.noindex/LernheftPad.build/Release-iphoneos/LernheftPad.build/LernheftPad-project-headers.hmap

WriteAuxiliaryFile /Users/runner/work/Test_Umgebung/Test_Umgebung/ipad/build/device/Build/Intermediates.noindex/LernheftPad.build/Release-iphoneos/LernheftPad.build/LernheftPad-own-target-headers.hmap (in target 'LernheftPad' from project 'LernheftPad')
    cd /Users/runner/work/Test_Umgebung/Test_Umgebung/ipad
    write-file /Users/runner/work/Test_Umgebung/Test_Umgebung/ipad/build/device/Build/Intermediates.noindex/LernheftPad.build/Release-iphoneos/LernheftPad.build/LernheftPad-own-target-headers.hmap

WriteAuxiliaryFile /Users/runner/work/Test_Umgebung/Test_Umgebung/ipad/build/device/Build/Intermediates.noindex/LernheftPad.build/Release-iphoneos/LernheftPad.build/LernheftPad-generated-files.hmap (in target 'LernheftPad' from project 'LernheftPad')
    cd /Users/runner/work/Test_Umgebung/Test_Umgebung/ipad
    write-file /Users/runner/work/Test_Umgebung/Test_Umgebung/ipad/build/device/Build/Intermediates.noindex/LernheftPad.build/Release-iphoneos/LernheftPad.build/LernheftPad-generated-files.hmap

WriteAuxiliaryFile /Users/runner/work/Test_Umgebung/Test_Umgebung/ipad/build/device/Build/Intermediates.noindex/LernheftPad.build/Release-iphoneos/LernheftPad.build/LernheftPad-all-target-headers.hmap (in target 'LernheftPad' from project 'LernheftPad')
    cd /Users/runner/work/Test_Umgebung/Test_Umgebung/ipad
    write-file /Users/runner/work/Test_Umgebung/Test_Umgebung/ipad/build/device/Build/Intermediates.noindex/LernheftPad.build/Release-iphoneos/LernheftPad.build/LernheftPad-all-target-headers.hmap

WriteAuxiliaryFile /Users/runner/work/Test_Umgebung/Test_Umgebung/ipad/build/device/Build/Intermediates.noindex/LernheftPad.build/Release-iphoneos/LernheftPad.build/LernheftPad-all-non-framework-target-headers.hmap (in target 'LernheftPad' from project 'LernheftPad')
    cd /Users/runner/work/Test_Umgebung/Test_Umgebung/ipad
    write-file /Users/runner/work/Test_Umgebung/Test_Umgebung/ipad/build/device/Build/Intermediates.noindex/LernheftPad.build/Release-iphoneos/LernheftPad.build/LernheftPad-all-non-framework-target-headers.hmap

MkDir /Users/runner/work/Test_Umgebung/Test_Umgebung/ipad/build/device/Build/Products/Release-iphoneos/LernheftPad.app (in target 'LernheftPad' from project 'LernheftPad')
    cd /Users/runner/work/Test_Umgebung/Test_Umgebung/ipad
    /bin/mkdir -p /Users/runner/work/Test_Umgebung/Test_Umgebung/ipad/build/device/Build/Products/Release-iphoneos/LernheftPad.app

MkDir /Users/runner/work/Test_Umgebung/Test_Umgebung/ipad/build/device/Build/Intermediates.noindex/LernheftPad.build/Release-iphoneos/LernheftPad.build/assetcatalog_output/unthinned (in target 'LernheftPad' from project 'LernheftPad')
    cd /Users/runner/work/Test_Umgebung/Test_Umgebung/ipad
    /bin/mkdir -p /Users/runner/work/Test_Umgebung/Test_Umgebung/ipad/build/device/Build/Intermediates.noindex/LernheftPad.build/Release-iphoneos/LernheftPad.build/assetcatalog_output/unthinned

MkDir /Users/runner/work/Test_Umgebung/Test_Umgebung/ipad/build/device/Build/Intermediates.noindex/LernheftPad.build/Release-iphoneos/LernheftPad.build/assetcatalog_output/thinned (in target 'LernheftPad' from project 'LernheftPad')
    cd /Users/runner/work/Test_Umgebung/Test_Umgebung/ipad
    /bin/mkdir -p /Users/runner/work/Test_Umgebung/Test_Umgebung/ipad/build/device/Build/Intermediates.noindex/LernheftPad.build/Release-iphoneos/LernheftPad.build/assetcatalog_output/thinned

GenerateAssetSymbols /Users/runner/work/Test_Umgebung/Test_Umgebung/ipad/LernheftPad/Assets.xcassets (in target 'LernheftPad' from project 'LernheftPad')
    cd /Users/runner/work/Test_Umgebung/Test_Umgebung/ipad
    /Applications/Xcode_26.6.app/Contents/Developer/usr/bin/actool /Users/runner/work/Test_Umgebung/Test_Umgebung/ipad/LernheftPad/Assets.xcassets --compile /Users/runner/work/Test_Umgebung/Test_Umgebung/ipad/build/device/Build/Products/Release-iphoneos/LernheftPad.app --output-format human-readable-text --notices --warnings --export-dependency-info /Users/runner/work/Test_Umgebung/Test_Umgebung/ipad/build/device/Build/Intermediates.noindex/LernheftPad.build/Release-iphoneos/LernheftPad.build/assetcatalog_dependencies --output-partial-info-plist /Users/runner/work/Test_Umgebung/Test_Umgebung/ipad/build/device/Build/Intermediates.noindex/LernheftPad.build/Release-iphoneos/LernheftPad.build/assetcatalog_generated_info.plist --app-icon AppIcon --accent-color AccentColor --compress-pngs --enable-on-demand-resources YES --development-region en --target-device ipad --minimum-deployment-target 17.0 --platform iphoneos --bundle-identifier de.lernheft.stift --generate-swift-asset-symbol-extensions NO --generate-swift-asset-symbols /Users/runner/work/Test_Umgebung/Test_Umgebung/ipad/build/device/Build/Intermediates.noindex/LernheftPad.build/Release-iphoneos/LernheftPad.build/DerivedSources/GeneratedAssetSymbols.swift --generate-objc-asset-symbols /Users/runner/work/Test_Umgebung/Test_Umgebung/ipad/build/device/Build/Intermediates.noindex/LernheftPad.build/Release-iphoneos/LernheftPad.build/DerivedSources/GeneratedAssetSymbols.h --generate-asset-symbol-index /Users/runner/work/Test_Umgebung/Test_Umgebung/ipad/build/device/Build/Intermediates.noindex/LernheftPad.build/Release-iphoneos/LernheftPad.build/DerivedSources/GeneratedAssetSymbols-Index.plist
/* com.apple.actool.compilation-results */
/Users/runner/work/Test_Umgebung/Test_Umgebung/ipad/build/device/Build/Intermediates.noindex/LernheftPad.build/Release-iphoneos/LernheftPad.build/DerivedSources/GeneratedAssetSymbols-Index.plist
/Users/runner/work/Test_Umgebung/Test_Umgebung/ipad/build/device/Build/Intermediates.noindex/LernheftPad.build/Release-iphoneos/LernheftPad.build/DerivedSources/GeneratedAssetSymbols.h
/Users/runner/work/Test_Umgebung/Test_Umgebung/ipad/build/device/Build/Intermediates.noindex/LernheftPad.build/Release-iphoneos/LernheftPad.build/DerivedSources/GeneratedAssetSymbols.swift


CompileAssetCatalogVariant thinned /Users/runner/work/Test_Umgebung/Test_Umgebung/ipad/build/device/Build/Products/Release-iphoneos/LernheftPad.app /Users/runner/work/Test_Umgebung/Test_Umgebung/ipad/LernheftPad/Assets.xcassets (in target 'LernheftPad' from project 'LernheftPad')
    cd /Users/runner/work/Test_Umgebung/Test_Umgebung/ipad
    /Applications/Xcode_26.6.app/Contents/Developer/usr/bin/actool /Users/runner/work/Test_Umgebung/Test_Umgebung/ipad/LernheftPad/Assets.xcassets --compile /Users/runner/work/Test_Umgebung/Test_Umgebung/ipad/build/device/Build/Intermediates.noindex/LernheftPad.build/Release-iphoneos/LernheftPad.build/assetcatalog_output/thinned --output-format human-readable-text --notices --warnings --export-dependency-info /Users/runner/work/Test_Umgebung/Test_Umgebung/ipad/build/device/Build/Intermediates.noindex/LernheftPad.build/Release-iphoneos/LernheftPad.build/assetcatalog_dependencies_thinned --output-partial-info-plist /Users/runner/work/Test_Umgebung/Test_Umgebung/ipad/build/device/Build/Intermediates.noindex/LernheftPad.build/Release-iphoneos/LernheftPad.build/assetcatalog_generated_info.plist_thinned --app-icon AppIcon --accent-color AccentColor --compress-pngs --enable-on-demand-resources YES --development-region en --target-device ipad --minimum-deployment-target 17.0 --platform iphoneos
/* com.apple.actool.compilation-results */
/Users/runner/work/Test_Umgebung/Test_Umgebung/ipad/build/device/Build/Intermediates.noindex/LernheftPad.build/Release-iphoneos/LernheftPad.build/assetcatalog_generated_info.plist_thinned
/Users/runner/work/Test_Umgebung/Test_Umgebung/ipad/build/device/Build/Intermediates.noindex/LernheftPad.build/Release-iphoneos/LernheftPad.build/assetcatalog_output/thinned/AppIcon60x60@2x.png
/Users/runner/work/Test_Umgebung/Test_Umgebung/ipad/build/device/Build/Intermediates.noindex/LernheftPad.build/Release-iphoneos/LernheftPad.build/assetcatalog_output/thinned/AppIcon76x76@2x~ipad.png
/Users/runner/work/Test_Umgebung/Test_Umgebung/ipad/build/device/Build/Intermediates.noindex/LernheftPad.build/Release-iphoneos/LernheftPad.build/assetcatalog_output/thinned/Assets.car


SwiftDriver LernheftPad normal arm64 com.apple.xcode.tools.swift.compiler (in target 'LernheftPad' from project 'LernheftPad')
    cd /Users/runner/work/Test_Umgebung/Test_Umgebung/ipad
    builtin-SwiftDriver -- /Applications/Xcode_26.6.app/Contents/Developer/Toolchains/XcodeDefault.xctoolchain/usr/bin/swiftc -module-name LernheftPad -O -whole-module-optimization @/Users/runner/work/Test_Umgebung/Test_Umgebung/ipad/build/device/Build/Intermediates.noindex/LernheftPad.build/Release-iphoneos/LernheftPad.build/Objects-normal/arm64/LernheftPad.SwiftFileList -enable-bare-slash-regex -enable-experimental-feature DebugDescriptionMacro -sdk /Applications/Xcode_26.6.app/Contents/Developer/Platforms/iPhoneOS.platform/Developer/SDKs/iPhoneOS26.5.sdk -target arm64-apple-ios17.0 -g -module-cache-path /Users/runner/work/Test_Umgebung/Test_Umgebung/ipad/build/device/ModuleCache.noindex -Xfrontend -serialize-debugging-options -swift-version 5 -I /Users/runner/work/Test_Umgebung/Test_Umgebung/ipad/build/device/Build/Products/Release-iphoneos -F /Users/runner/work/Test_Umgebung/Test_Umgebung/ipad/build/device/Build/Products/Release-iphoneos -c -num-threads 3 -Xcc -ivfsstatcache -Xcc /Users/runner/work/Test_Umgebung/Test_Umgebung/ipad/build/device/SDKStatCaches.noindex/iphoneos26.5-23F81a-688ef53f1462e2c8f657fdc38a81448fee66e23052a0157c865c76b268046726.sdkstatcache -output-file-map /Users/runner/work/Test_Umgebung/Test_Umgebung/ipad/build/device/Build/Intermediates.noindex/LernheftPad.build/Release-iphoneos/LernheftPad.build/Objects-normal/arm64/LernheftPad-OutputFileMap.json -use-frontend-parseable-output -save-temps -no-color-diagnostics -explicit-module-build -module-cache-path /Users/runner/work/Test_Umgebung/Test_Umgebung/ipad/build/device/Build/Intermediates.noindex/SwiftExplicitPrecompiledModules -clang-scanner-module-cache-path /Users/runner/work/Test_Umgebung/Test_Umgebung/ipad/build/device/ModuleCache.noindex -sdk-module-cache-path /Users/runner/work/Test_Umgebung/Test_Umgebung/ipad/build/device/ModuleCache.noindex -serialize-diagnostics -emit-dependencies -emit-module -emit-module-path /Users/runner/work/Test_Umgebung/Test_Umgebung/ipad/build/device/Build/Intermediates.noindex/LernheftPad.build/Release-iphoneos/LernheftPad.build/Objects-normal/arm64/LernheftPad.swiftmodule -validate-clang-modules-once -clang-build-session-file /Users/runner/work/Test_Umgebung/Test_Umgebung/ipad/build/device/ModuleCache.noindex/Session.modulevalidation -Xcc -I/Users/runner/work/Test_Umgebung/Test_Umgebung/ipad/build/device/Build/Intermediates.noindex/LernheftPad.build/Release-iphoneos/LernheftPad.build/swift-overrides.hmap -emit-const-values -Xfrontend -const-gather-protocols-file -Xfrontend /Users/runner/work/Test_Umgebung/Test_Umgebung/ipad/build/device/Build/Intermediates.noindex/LernheftPad.build/Release-iphoneos/LernheftPad.build/Objects-normal/arm64/LernheftPad_const_extract_protocols.json -Xcc -iquote -Xcc /Users/runner/work/Test_Umgebung/Test_Umgebung/ipad/build/device/Build/Intermediates.noindex/LernheftPad.build/Release-iphoneos/LernheftPad.build/LernheftPad-generated-files.hmap -Xcc -I/Users/runner/work/Test_Umgebung/Test_Umgebung/ipad/build/device/Build/Intermediates.noindex/LernheftPad.build/Release-iphoneos/LernheftPad.build/LernheftPad-own-target-headers.hmap -Xcc -I/Users/runner/work/Test_Umgebung/Test_Umgebung/ipad/build/device/Build/Intermediates.noindex/LernheftPad.build/Release-iphoneos/LernheftPad.build/LernheftPad-all-target-headers.hmap -Xcc -iquote -Xcc /Users/runner/work/Test_Umgebung/Test_Umgebung/ipad/build/device/Build/Intermediates.noindex/LernheftPad.build/Release-iphoneos/LernheftPad.build/LernheftPad-project-headers.hmap -Xcc -I/Users/runner/work/Test_Umgebung/Test_Umgebung/ipad/build/device/Build/Products/Release-iphoneos/include -Xcc -I/Users/runner/work/Test_Umgebung/Test_Umgebung/ipad/build/device/Build/Intermediates.noindex/LernheftPad.build/Release-iphoneos/LernheftPad.build/DerivedSources-normal/arm64 -Xcc -I/Users/runner/work/Test_Umgebung/Test_Umgebung/ipad/build/device/Build/Intermediates.noindex/LernheftPad.build/Release-iphoneos/LernheftPad.build/DerivedSources/arm64 -Xcc -I/Users/runner/work/Test_Umgebung/Test_Umgebung/ipad/build/device/Build/Intermediates.noindex/LernheftPad.build/Release-iphoneos/LernheftPad.build/DerivedSources -emit-objc-header -emit-objc-header-path /Users/runner/work/Test_Umgebung/Test_Umgebung/ipad/build/device/Build/Intermediates.noindex/LernheftPad.build/Release-iphoneos/LernheftPad.build/Objects-normal/arm64/LernheftPad-Swift.h -working-directory /Users/runner/work/Test_Umgebung/Test_Umgebung/ipad -no-emit-module-separately-wmo

SwiftDriver\ Compilation LernheftPad normal arm64 com.apple.xcode.tools.swift.compiler (in target 'LernheftPad' from project 'LernheftPad')
    cd /Users/runner/work/Test_Umgebung/Test_Umgebung/ipad
    builtin-Swift-Compilation -- /Applications/Xcode_26.6.app/Contents/Developer/Toolchains/XcodeDefault.xctoolchain/usr/bin/swiftc -module-name LernheftPad -O -whole-module-optimization @/Users/runner/work/Test_Umgebung/Test_Umgebung/ipad/build/device/Build/Intermediates.noindex/LernheftPad.build/Release-iphoneos/LernheftPad.build/Objects-normal/arm64/LernheftPad.SwiftFileList -enable-bare-slash-regex -enable-experimental-feature DebugDescriptionMacro -sdk /Applications/Xcode_26.6.app/Contents/Developer/Platforms/iPhoneOS.platform/Developer/SDKs/iPhoneOS26.5.sdk -target arm64-apple-ios17.0 -g -module-cache-path /Users/runner/work/Test_Umgebung/Test_Umgebung/ipad/build/device/ModuleCache.noindex -Xfrontend -serialize-debugging-options -swift-version 5 -I /Users/runner/work/Test_Umgebung/Test_Umgebung/ipad/build/device/Build/Products/Release-iphoneos -F /Users/runner/work/Test_Umgebung/Test_Umgebung/ipad/build/device/Build/Products/Release-iphoneos -c -num-threads 3 -Xcc -ivfsstatcache -Xcc /Users/runner/work/Test_Umgebung/Test_Umgebung/ipad/build/device/SDKStatCaches.noindex/iphoneos26.5-23F81a-688ef53f1462e2c8f657fdc38a81448fee66e23052a0157c865c76b268046726.sdkstatcache -output-file-map /Users/runner/work/Test_Umgebung/Test_Umgebung/ipad/build/device/Build/Intermediates.noindex/LernheftPad.build/Release-iphoneos/LernheftPad.build/Objects-normal/arm64/LernheftPad-OutputFileMap.json -use-frontend-parseable-output -save-temps -no-color-diagnostics -explicit-module-build -module-cache-path /Users/runner/work/Test_Umgebung/Test_Umgebung/ipad/build/device/Build/Intermediates.noindex/SwiftExplicitPrecompiledModules -clang-scanner-module-cache-path /Users/runner/work/Test_Umgebung/Test_Umgebung/ipad/build/device/ModuleCache.noindex -sdk-module-cache-path /Users/runner/work/Test_Umgebung/Test_Umgebung/ipad/build/device/ModuleCache.noindex -serialize-diagnostics -emit-dependencies -emit-module -emit-module-path /Users/runner/work/Test_Umgebung/Test_Umgebung/ipad/build/device/Build/Intermediates.noindex/LernheftPad.build/Release-iphoneos/LernheftPad.build/Objects-normal/arm64/LernheftPad.swiftmodule -validate-clang-modules-once -clang-build-session-file /Users/runner/work/Test_Umgebung/Test_Umgebung/ipad/build/device/ModuleCache.noindex/Session.modulevalidation -Xcc -I/Users/runner/work/Test_Umgebung/Test_Umgebung/ipad/build/device/Build/Intermediates.noindex/LernheftPad.build/Release-iphoneos/LernheftPad.build/swift-overrides.hmap -emit-const-values -Xfrontend -const-gather-protocols-file -Xfrontend /Users/runner/work/Test_Umgebung/Test_Umgebung/ipad/build/device/Build/Intermediates.noindex/LernheftPad.build/Release-iphoneos/LernheftPad.build/Objects-normal/arm64/LernheftPad_const_extract_protocols.json -Xcc -iquote -Xcc /Users/runner/work/Test_Umgebung/Test_Umgebung/ipad/build/device/Build/Intermediates.noindex/LernheftPad.build/Release-iphoneos/LernheftPad.build/LernheftPad-generated-files.hmap -Xcc -I/Users/runner/work/Test_Umgebung/Test_Umgebung/ipad/build/device/Build/Intermediates.noindex/LernheftPad.build/Release-iphoneos/LernheftPad.build/LernheftPad-own-target-headers.hmap -Xcc -I/Users/runner/work/Test_Umgebung/Test_Umgebung/ipad/build/device/Build/Intermediates.noindex/LernheftPad.build/Release-iphoneos/LernheftPad.build/LernheftPad-all-target-headers.hmap -Xcc -iquote -Xcc /Users/runner/work/Test_Umgebung/Test_Umgebung/ipad/build/device/Build/Intermediates.noindex/LernheftPad.build/Release-iphoneos/LernheftPad.build/LernheftPad-project-headers.hmap -Xcc -I/Users/runner/work/Test_Umgebung/Test_Umgebung/ipad/build/device/Build/Products/Release-iphoneos/include -Xcc -I/Users/runner/work/Test_Umgebung/Test_Umgebung/ipad/build/device/Build/Intermediates.noindex/LernheftPad.build/Release-iphoneos/LernheftPad.build/DerivedSources-normal/arm64 -Xcc -I/Users/runner/work/Test_Umgebung/Test_Umgebung/ipad/build/device/Build/Intermediates.noindex/LernheftPad.build/Release-iphoneos/LernheftPad.build/DerivedSources/arm64 -Xcc -I/Users/runner/work/Test_Umgebung/Test_Umgebung/ipad/build/device/Build/Intermediates.noindex/LernheftPad.build/Release-iphoneos/LernheftPad.build/DerivedSources -emit-objc-header -emit-objc-header-path /Users/runner/work/Test_Umgebung/Test_Umgebung/ipad/build/device/Build/Intermediates.noindex/LernheftPad.build/Release-iphoneos/LernheftPad.build/Objects-normal/arm64/LernheftPad-Swift.h -working-directory /Users/runner/work/Test_Umgebung/Test_Umgebung/ipad -no-emit-module-separately-wmo

SwiftExplicitDependencyGeneratePcm arm64 /Users/runner/work/Test_Umgebung/Test_Umgebung/ipad/build/device/ModuleCache.noindex/ptrcheck-B0IXH75YRLKREHZSOURUVL6Q0.pcm

SwiftExplicitDependencyGeneratePcm arm64 /Users/runner/work/Test_Umgebung/Test_Umgebung/ipad/build/device/ModuleCache.noindex/_Builtin_stddef-9OOAP6TCA6DSUDSPZM5I44U5T.pcm

SwiftExplicitDependencyGeneratePcm arm64 /Users/runner/work/Test_Umgebung/Test_Umgebung/ipad/build/device/ModuleCache.noindex/ptrauth-3WZQXA4W8QWBF4E4G3WR1T5NJ.pcm

SwiftExplicitDependencyGeneratePcm arm64 /Users/runner/work/Test_Umgebung/Test_Umgebung/ipad/build/device/ModuleCache.noindex/SwiftShims-CJRESEWMRQ1H5RKQD40LKUN7S.pcm

SwiftExplicitDependencyGeneratePcm arm64 /Users/runner/work/Test_Umgebung/Test_Umgebung/ipad/build/device/ModuleCache.noindex/_Builtin_stdarg-U7SL1Y14TOPJIC3AEYX0Y2B6.pcm

SwiftExplicitDependencyGeneratePcm arm64 /Users/runner/work/Test_Umgebung/Test_Umgebung/ipad/build/device/ModuleCache.noindex/_AvailabilityInternal-6Z8Q6QYONUT5FI2FBA50QZ6ZT.pcm

SwiftExplicitDependencyGeneratePcm arm64 /Users/runner/work/Test_Umgebung/Test_Umgebung/ipad/build/device/ModuleCache.noindex/_Builtin_stdbool-17M95VXTU1FLZ0V6FY94P0NZC.pcm

SwiftExplicitDependencyGeneratePcm arm64 /Users/runner/work/Test_Umgebung/Test_Umgebung/ipad/build/device/ModuleCache.noindex/DeveloperToolsSupport-87AV44VUH78B64PKWXF0DPKNS.pcm

SwiftExplicitDependencyGeneratePcm arm64 /Users/runner/work/Test_Umgebung/Test_Umgebung/ipad/build/device/ModuleCache.noindex/_Builtin_float-BVTV3BT0W06E2XVQ7AUNLT5DH.pcm

SwiftExplicitDependencyGeneratePcm arm64 /Users/runner/work/Test_Umgebung/Test_Umgebung/ipad/build/device/ModuleCache.noindex/_DarwinFoundation1-OKKYS0CBLI42AJ9SMEKE185Y.pcm

SwiftExplicitDependencyGeneratePcm arm64 /Users/runner/work/Test_Umgebung/Test_Umgebung/ipad/build/device/ModuleCache.noindex/_SwiftConcurrencyShims-CZ5IIXNR3U5SFA5K27VUBHAV4.pcm

SwiftExplicitDependencyGeneratePcm arm64 /Users/runner/work/Test_Umgebung/Test_Umgebung/ipad/build/device/ModuleCache.noindex/_DarwinFoundation2-BNKSN6ATC23J31WVQXJ79Q3NA.pcm

SwiftExplicitDependencyGeneratePcm arm64 /Users/runner/work/Test_Umgebung/Test_Umgebung/ipad/build/device/ModuleCache.noindex/_Builtin_limits-EVPXKEYVBDZDNNVSGT6OV4UZS.pcm

SwiftExplicitDependencyGeneratePcm arm64 /Users/runner/work/Test_Umgebung/Test_Umgebung/ipad/build/device/ModuleCache.noindex/ExtensionFoundation-A9X3UO2OWG4CHCF3OE0LTTQ51.pcm

SwiftExplicitDependencyGeneratePcm arm64 /Users/runner/work/Test_Umgebung/Test_Umgebung/ipad/build/device/ModuleCache.noindex/_Builtin_tgmath-4LZ0VUUD5U7AH78PDFYE2EZEQ.pcm

SwiftExplicitDependencyGeneratePcm arm64 /Users/runner/work/Test_Umgebung/Test_Umgebung/ipad/build/device/ModuleCache.noindex/sys_types-ANKLZXGM8PPJZW937IPD1UX4S.pcm

SwiftExplicitDependencyGeneratePcm arm64 /Users/runner/work/Test_Umgebung/Test_Umgebung/ipad/build/device/ModuleCache.noindex/_Builtin_stdint-MQVO4P6TNZ912G0LKKM0NI29.pcm

SwiftExplicitDependencyGeneratePcm arm64 /Users/runner/work/Test_Umgebung/Test_Umgebung/ipad/build/device/ModuleCache.noindex/_Builtin_stdatomic-5OGQSJ2WQZK9OR27BUP8186QY.pcm

SwiftExplicitDependencyGeneratePcm arm64 /Users/runner/work/Test_Umgebung/Test_Umgebung/ipad/build/device/ModuleCache.noindex/_DarwinFoundation3-7RFGQPFKLM05LAE0G5S4Q9781.pcm

SwiftExplicitDependencyGeneratePcm arm64 /Users/runner/work/Test_Umgebung/Test_Umgebung/ipad/build/device/ModuleCache.noindex/_Builtin_intrinsics-CF14KH98I7EI6KYPQ7XQPA21A.pcm

SwiftExplicitDependencyGeneratePcm arm64 /Users/runner/work/Test_Umgebung/Test_Umgebung/ipad/build/device/ModuleCache.noindex/_Builtin_inttypes-ARYHFRE0ELLXXJ69R5WQ8X4N.pcm

SwiftExplicitDependencyGeneratePcm arm64 /Users/runner/work/Test_Umgebung/Test_Umgebung/ipad/build/device/ModuleCache.noindex/Darwin-Y9Q3VCP2S8XD8JN6EJLYDLHH.pcm

LinkAssetCatalog /Users/runner/work/Test_Umgebung/Test_Umgebung/ipad/LernheftPad/Assets.xcassets (in target 'LernheftPad' from project 'LernheftPad')
    cd /Users/runner/work/Test_Umgebung/Test_Umgebung/ipad
    builtin-linkAssetCatalog --thinned /Users/runner/work/Test_Umgebung/Test_Umgebung/ipad/build/device/Build/Intermediates.noindex/LernheftPad.build/Release-iphoneos/LernheftPad.build/assetcatalog_output/thinned --thinned-dependencies /Users/runner/work/Test_Umgebung/Test_Umgebung/ipad/build/device/Build/Intermediates.noindex/LernheftPad.build/Release-iphoneos/LernheftPad.build/assetcatalog_dependencies_thinned --thinned-info-plist-content /Users/runner/work/Test_Umgebung/Test_Umgebung/ipad/build/device/Build/Intermediates.noindex/LernheftPad.build/Release-iphoneos/LernheftPad.build/assetcatalog_generated_info.plist_thinned --unthinned /Users/runner/work/Test_Umgebung/Test_Umgebung/ipad/build/device/Build/Intermediates.noindex/LernheftPad.build/Release-iphoneos/LernheftPad.build/assetcatalog_output/unthinned --unthinned-dependencies /Users/runner/work/Test_Umgebung/Test_Umgebung/ipad/build/device/Build/Intermediates.noindex/LernheftPad.build/Release-iphoneos/LernheftPad.build/assetcatalog_dependencies_unthinned --unthinned-info-plist-content /Users/runner/work/Test_Umgebung/Test_Umgebung/ipad/build/device/Build/Intermediates.noindex/LernheftPad.build/Release-iphoneos/LernheftPad.build/assetcatalog_generated_info.plist_unthinned --output /Users/runner/work/Test_Umgebung/Test_Umgebung/ipad/build/device/Build/Products/Release-iphoneos/LernheftPad.app --plist-output /Users/runner/work/Test_Umgebung/Test_Umgebung/ipad/build/device/Build/Intermediates.noindex/LernheftPad.build/Release-iphoneos/LernheftPad.build/assetcatalog_generated_info.plist
note: Emplaced /Users/runner/work/Test_Umgebung/Test_Umgebung/ipad/build/device/Build/Products/Release-iphoneos/LernheftPad.app/AppIcon60x60@2x.png (in target 'LernheftPad' from project 'LernheftPad')
note: Emplaced /Users/runner/work/Test_Umgebung/Test_Umgebung/ipad/build/device/Build/Products/Release-iphoneos/LernheftPad.app/Assets.car (in target 'LernheftPad' from project 'LernheftPad')
note: Emplaced /Users/runner/work/Test_Umgebung/Test_Umgebung/ipad/build/device/Build/Products/Release-iphoneos/LernheftPad.app/AppIcon76x76@2x~ipad.png (in target 'LernheftPad' from project 'LernheftPad')

ProcessInfoPlistFile /Users/runner/work/Test_Umgebung/Test_Umgebung/ipad/build/device/Build/Products/Release-iphoneos/LernheftPad.app/Info.plist /Users/runner/work/Test_Umgebung/Test_Umgebung/ipad/LernheftPad/Info.plist (in target 'LernheftPad' from project 'LernheftPad')
    cd /Users/runner/work/Test_Umgebung/Test_Umgebung/ipad
    builtin-infoPlistUtility /Users/runner/work/Test_Umgebung/Test_Umgebung/ipad/LernheftPad/Info.plist -producttype com.apple.product-type.application -genpkginfo /Users/runner/work/Test_Umgebung/Test_Umgebung/ipad/build/device/Build/Products/Release-iphoneos/LernheftPad.app/PkgInfo -expandbuildsettings -format binary -platform iphoneos -additionalcontentfile /Users/runner/work/Test_Umgebung/Test_Umgebung/ipad/build/device/Build/Intermediates.noindex/LernheftPad.build/Release-iphoneos/LernheftPad.build/assetcatalog_generated_info.plist -requiredArchitecture arm64 -o /Users/runner/work/Test_Umgebung/Test_Umgebung/ipad/build/device/Build/Products/Release-iphoneos/LernheftPad.app/Info.plist

SwiftExplicitDependencyGeneratePcm arm64 /Users/runner/work/Test_Umgebung/Test_Umgebung/ipad/build/device/ModuleCache.noindex/simd-9YZI0761RWPWUZIQ58CY8Y81E.pcm

SwiftExplicitDependencyGeneratePcm arm64 /Users/runner/work/Test_Umgebung/Test_Umgebung/ipad/build/device/ModuleCache.noindex/ObjectiveC-UTPIXR29ZGSR9N9G9WP3R6BD.pcm

SwiftExplicitDependencyGeneratePcm arm64 /Users/runner/work/Test_Umgebung/Test_Umgebung/ipad/build/device/ModuleCache.noindex/MachO-EI5HBJ71W7UONTDOXZM9D74Z9.pcm

SwiftExplicitDependencyGeneratePcm arm64 /Users/runner/work/Test_Umgebung/Test_Umgebung/ipad/build/device/ModuleCache.noindex/os_object-A0QFM3IYIZYGO4MNG6PQPF5IM.pcm

SwiftExplicitDependencyGeneratePcm arm64 /Users/runner/work/Test_Umgebung/Test_Umgebung/ipad/build/device/ModuleCache.noindex/os_workgroup-C8L021G8VTL9SGAPGJ6AG9L00.pcm

SwiftExplicitDependencyGeneratePcm arm64 /Users/runner/work/Test_Umgebung/Test_Umgebung/ipad/build/device/ModuleCache.noindex/Dispatch-9H4IQ6OP2G1XY5HDAHHE1CNRF.pcm

SwiftExplicitDependencyGeneratePcm arm64 /Users/runner/work/Test_Umgebung/Test_Umgebung/ipad/build/device/ModuleCache.noindex/Spatial-9MEL5VHNHJRI9OH2EU5G6O821.pcm

SwiftExplicitDependencyGeneratePcm arm64 /Users/runner/work/Test_Umgebung/Test_Umgebung/ipad/build/device/ModuleCache.noindex/dnssd-9G821KNXOYF2V135CEEUXNDC8.pcm

SwiftExplicitDependencyGeneratePcm arm64 /Users/runner/work/Test_Umgebung/Test_Umgebung/ipad/build/device/ModuleCache.noindex/CoreFoundation-4CKFXHZSYWV8Y5IL6YQR3EU5K.pcm

SwiftExplicitDependencyGeneratePcm arm64 /Users/runner/work/Test_Umgebung/Test_Umgebung/ipad/build/device/ModuleCache.noindex/XPC-7YA1UKM3MOX2BQODX8ZGKKGUQ.pcm

SwiftExplicitDependencyGeneratePcm arm64 /Users/runner/work/Test_Umgebung/Test_Umgebung/ipad/build/device/ModuleCache.noindex/os-22AXWOU8DK9VJCOF74HKFI905.pcm

SwiftExplicitDependencyGeneratePcm arm64 /Users/runner/work/Test_Umgebung/Test_Umgebung/ipad/build/device/ModuleCache.noindex/CFNetwork-22K98WNCGZFCLRAINGIYZTX4Q.pcm

SwiftExplicitDependencyGeneratePcm arm64 /Users/runner/work/Test_Umgebung/Test_Umgebung/ipad/build/device/ModuleCache.noindex/CoreAudioTypes-72GU1T4TC3IYYUA6XW5OMWS7W.pcm

SwiftExplicitDependencyGeneratePcm arm64 /Users/runner/work/Test_Umgebung/Test_Umgebung/ipad/build/device/ModuleCache.noindex/CoreGraphics-9FOYAYSKWP5U2J13CQ2L7L2S1.pcm

SwiftExplicitDependencyGeneratePcm arm64 /Users/runner/work/Test_Umgebung/Test_Umgebung/ipad/build/device/ModuleCache.noindex/Security-92DPKYN4BZ8NYD4URKYYLVXPM.pcm

SwiftExplicitDependencyGeneratePcm arm64 /Users/runner/work/Test_Umgebung/Test_Umgebung/ipad/build/device/ModuleCache.noindex/CoreAudio-CB38N3L2RU70QZRXT394FB980.pcm

SwiftExplicitDependencyGeneratePcm arm64 /Users/runner/work/Test_Umgebung/Test_Umgebung/ipad/build/device/ModuleCache.noindex/ImageIO-CKVP6ZNZPF3EFPHQRVR7CC1UI.pcm

SwiftExplicitDependencyGeneratePcm arm64 /Users/runner/work/Test_Umgebung/Test_Umgebung/ipad/build/device/ModuleCache.noindex/CoreText-ELW27ADAO5OGKHCI7FP7OAYAW.pcm

SwiftExplicitDependencyGeneratePcm arm64 /Users/runner/work/Test_Umgebung/Test_Umgebung/ipad/build/device/ModuleCache.noindex/Foundation-1TZKNQXEMT1LWWMYZ2279OHPU.pcm

SwiftExplicitDependencyGeneratePcm arm64 /Users/runner/work/Test_Umgebung/Test_Umgebung/ipad/build/device/ModuleCache.noindex/CoreMIDI-8OZZ8RYLBSTKL7LQFF2N4FQRC.pcm

SwiftExplicitDependencyGeneratePcm arm64 /Users/runner/work/Test_Umgebung/Test_Umgebung/ipad/build/device/ModuleCache.noindex/Accessibility-AHTBPJCCIJL0A7HH8FWS6A2NH.pcm

SwiftExplicitDependencyGeneratePcm arm64 /Users/runner/work/Test_Umgebung/Test_Umgebung/ipad/build/device/ModuleCache.noindex/UserNotifications-C2ZSZNNBNNJZO15VYKNZYI4WZ.pcm

SwiftExplicitDependencyGeneratePcm arm64 /Users/runner/work/Test_Umgebung/Test_Umgebung/ipad/build/device/ModuleCache.noindex/CoreData-CT9JGRGBZ5V3HIOQ37PW3VUGO.pcm

SwiftExplicitDependencyGeneratePcm arm64 /Users/runner/work/Test_Umgebung/Test_Umgebung/ipad/build/device/ModuleCache.noindex/IOSurface-AHWAI0EPLNTIUG0HKL0MZUY83.pcm

SwiftExplicitDependencyGeneratePcm arm64 /Users/runner/work/Test_Umgebung/Test_Umgebung/ipad/build/device/ModuleCache.noindex/Symbols-2CB5KFRNB3Z8NS34FKXF1IBPW.pcm

SwiftExplicitDependencyGeneratePcm arm64 /Users/runner/work/Test_Umgebung/Test_Umgebung/ipad/build/device/ModuleCache.noindex/AudioToolbox-AGEWVVDWKV8E4OSNEDZV43JUW.pcm

SwiftExplicitDependencyGeneratePcm arm64 /Users/runner/work/Test_Umgebung/Test_Umgebung/ipad/build/device/ModuleCache.noindex/ModelIO-6ELN84958FU6BN14M3MP5VGNW.pcm

SwiftExplicitDependencyGeneratePcm arm64 /Users/runner/work/Test_Umgebung/Test_Umgebung/ipad/build/device/ModuleCache.noindex/Metal-61PIE7BOSJBZ540M7F4B3VV7U.pcm

SwiftExplicitDependencyGeneratePcm arm64 /Users/runner/work/Test_Umgebung/Test_Umgebung/ipad/build/device/ModuleCache.noindex/CoreTransferable-F3PQZTDV8C5XPWP28U0X492G5.pcm

SwiftExplicitDependencyGeneratePcm arm64 /Users/runner/work/Test_Umgebung/Test_Umgebung/ipad/build/device/ModuleCache.noindex/OSLog-WBNQO55M8663B0R9J76S9B8B.pcm

SwiftExplicitDependencyGeneratePcm arm64 /Users/runner/work/Test_Umgebung/Test_Umgebung/ipad/build/device/ModuleCache.noindex/FileProvider-ADCUEHCF34UE9SM1AX07CT5US.pcm

SwiftExplicitDependencyGeneratePcm arm64 /Users/runner/work/Test_Umgebung/Test_Umgebung/ipad/build/device/ModuleCache.noindex/OpenGLES-7P4ML3HX4TSHRCOKL7I4IQU3V.pcm

SwiftExplicitDependencyGeneratePcm arm64 /Users/runner/work/Test_Umgebung/Test_Umgebung/ipad/build/device/ModuleCache.noindex/Network-B8V90W8TUN1D27FKG0MDKESHT.pcm

SwiftExplicitDependencyGeneratePcm arm64 /Users/runner/work/Test_Umgebung/Test_Umgebung/ipad/build/device/ModuleCache.noindex/_LocationEssentials-CT1V26NM519BEEDJCBRZU9HQD.pcm

SwiftExplicitDependencyGeneratePcm arm64 /Users/runner/work/Test_Umgebung/Test_Umgebung/ipad/build/device/ModuleCache.noindex/UniformTypeIdentifiers-7VHY35241DABRM3GA13JEDOST.pcm

SwiftExplicitDependencyGeneratePcm arm64 /Users/runner/work/Test_Umgebung/Test_Umgebung/ipad/build/device/ModuleCache.noindex/CoreVideo-7CJ99OLUXY3EBMHUXCUFCTGFY.pcm

SwiftExplicitDependencyGeneratePcm arm64 /Users/runner/work/Test_Umgebung/Test_Umgebung/ipad/build/device/ModuleCache.noindex/CoreLocation-3ER7SDICMJ2V6Z5C2IDCHWGLC.pcm

SwiftExplicitDependencyGeneratePcm arm64 /Users/runner/work/Test_Umgebung/Test_Umgebung/ipad/build/device/ModuleCache.noindex/AVRouting-496315GVKUUL40YSVOY1UW7J0.pcm

SwiftExplicitDependencyGeneratePcm arm64 /Users/runner/work/Test_Umgebung/Test_Umgebung/ipad/build/device/ModuleCache.noindex/UIUtilities-AH1TCNCQH5YF9BD0LZ4F5KP2W.pcm

SwiftExplicitDependencyGeneratePcm arm64 /Users/runner/work/Test_Umgebung/Test_Umgebung/ipad/build/device/ModuleCache.noindex/QuartzCore-62YBEKBGKHWUV3R337MLUOOX.pcm

SwiftExplicitDependencyGeneratePcm arm64 /Users/runner/work/Test_Umgebung/Test_Umgebung/ipad/build/device/ModuleCache.noindex/Accelerate-D01PU2V8JOJ0B2RJHIWRAVWT9.pcm

SwiftExplicitDependencyGeneratePcm arm64 /Users/runner/work/Test_Umgebung/Test_Umgebung/ipad/build/device/ModuleCache.noindex/CoreML-AOXW7LM3SN9RKFW9NYDWEP84S.pcm

SwiftExplicitDependencyGeneratePcm arm64 /Users/runner/work/Test_Umgebung/Test_Umgebung/ipad/build/device/ModuleCache.noindex/CoreMedia-C8LVFLL133B4504S2K93JW5RY.pcm

SwiftExplicitDependencyGeneratePcm arm64 /Users/runner/work/Test_Umgebung/Test_Umgebung/ipad/build/device/ModuleCache.noindex/SwiftUICore-4Q8RKB1B9EOMI0NC7RXHU4PZR.pcm

SwiftExplicitDependencyGeneratePcm arm64 /Users/runner/work/Test_Umgebung/Test_Umgebung/ipad/build/device/ModuleCache.noindex/CoreImage-VVYMWOPCSOQR5HKWU6JTXOFD.pcm

SwiftExplicitDependencyGeneratePcm arm64 /Users/runner/work/Test_Umgebung/Test_Umgebung/ipad/build/device/ModuleCache.noindex/DataDetection-2SGI4T2PFQLSVSLHYJ81G7DYB.pcm

SwiftExplicitDependencyGeneratePcm arm64 /Users/runner/work/Test_Umgebung/Test_Umgebung/ipad/build/device/ModuleCache.noindex/Vision-ALVKSJAF22S9MC04H1JTL1FKU.pcm

SwiftExplicitDependencyGeneratePcm arm64 /Users/runner/work/Test_Umgebung/Test_Umgebung/ipad/build/device/ModuleCache.noindex/MediaToolbox-3LQ5V7RVPND4CU1GD0K9C6S7A.pcm

SwiftExplicitDependencyGeneratePcm arm64 /Users/runner/work/Test_Umgebung/Test_Umgebung/ipad/build/device/ModuleCache.noindex/UIKit-DACJ1B23I3UDQIUQX147Q5RLK.pcm

SwiftExplicitDependencyGeneratePcm arm64 /Users/runner/work/Test_Umgebung/Test_Umgebung/ipad/build/device/ModuleCache.noindex/AVFAudio-26QOX4FK3UH9UHY5TI6C60WH6.pcm

SwiftExplicitDependencyGeneratePcm arm64 /Users/runner/work/Test_Umgebung/Test_Umgebung/ipad/build/device/ModuleCache.noindex/AVFoundation-2VM7TWSBB06WS4TM23HMTCMSO.pcm

SwiftExplicitDependencyGeneratePcm arm64 /Users/runner/work/Test_Umgebung/Test_Umgebung/ipad/build/device/ModuleCache.noindex/Photos-5AXI1T1BYDHNW9K44CR3VBXK6.pcm

SwiftExplicitDependencyGeneratePcm arm64 /Users/runner/work/Test_Umgebung/Test_Umgebung/ipad/build/device/ModuleCache.noindex/MetalKit-6QEXFX1K4P83SDJFA9KZJ5B4T.pcm

SwiftExplicitDependencyGeneratePcm arm64 /Users/runner/work/Test_Umgebung/Test_Umgebung/ipad/build/device/ModuleCache.noindex/PhotosUI-AGUMZM9WLZIBQA3VZWWWL8V41.pcm

SwiftExplicitDependencyGeneratePcm arm64 /Users/runner/work/Test_Umgebung/Test_Umgebung/ipad/build/device/ModuleCache.noindex/SwiftUI-D9TBTES3GUXQ6CVGJJGGMDLG8.pcm

SwiftExplicitDependencyGeneratePcm arm64 /Users/runner/work/Test_Umgebung/Test_Umgebung/ipad/build/device/ModuleCache.noindex/PencilKit-2ZQ46VK7X44KSTINUNZ8KQWVA.pcm

SwiftExplicitDependencyGeneratePcm arm64 /Users/runner/work/Test_Umgebung/Test_Umgebung/ipad/build/device/ModuleCache.noindex/VisionKit-U9ZXITSTGXVYM7YI3OAY05A7.pcm

SwiftCompile normal arm64 Compiling\ BackdropView.swift,\ CanvasController.swift,\ ConnectView.swift,\ Connection.swift,\ Demo.swift,\ DrawingView.swift,\ FunctionSheet.swift,\ Graph.swift,\ InkTools.swift,\ InsertSources.swift,\ LernheftPadApp.swift,\ Migration.swift,\ PadProtocol.swift,\ PadSession.swift,\ PortableInk.swift,\ QRScanner.swift,\ SettingsView.swift,\ GeneratedAssetSymbols.swift /Users/runner/work/Test_Umgebung/Test_Umgebung/ipad/LernheftPad/BackdropView.swift /Users/runner/work/Test_Umgebung/Test_Umgebung/ipad/LernheftPad/CanvasController.swift /Users/runner/work/Test_Umgebung/Test_Umgebung/ipad/LernheftPad/ConnectView.swift /Users/runner/work/Test_Umgebung/Test_Umgebung/ipad/LernheftPad/Connection.swift /Users/runner/work/Test_Umgebung/Test_Umgebung/ipad/LernheftPad/Demo.swift /Users/runner/work/Test_Umgebung/Test_Umgebung/ipad/LernheftPad/DrawingView.swift /Users/runner/work/Test_Umgebung/Test_Umgebung/ipad/LernheftPad/FunctionSheet.swift /Users/runner/work/Test_Umgebung/Test_Umgebung/ipad/LernheftPad/Graph.swift /Users/runner/work/Test_Umgebung/Test_Umgebung/ipad/LernheftPad/InkTools.swift /Users/runner/work/Test_Umgebung/Test_Umgebung/ipad/LernheftPad/InsertSources.swift /Users/runner/work/Test_Umgebung/Test_Umgebung/ipad/LernheftPad/LernheftPadApp.swift /Users/runner/work/Test_Umgebung/Test_Umgebung/ipad/LernheftPad/Migration.swift /Users/runner/work/Test_Umgebung/Test_Umgebung/ipad/LernheftPad/PadProtocol.swift /Users/runner/work/Test_Umgebung/Test_Umgebung/ipad/LernheftPad/PadSession.swift /Users/runner/work/Test_Umgebung/Test_Umgebung/ipad/LernheftPad/PortableInk.swift /Users/runner/work/Test_Umgebung/Test_Umgebung/ipad/LernheftPad/QRScanner.swift /Users/runner/work/Test_Umgebung/Test_Umgebung/ipad/LernheftPad/SettingsView.swift /Users/runner/work/Test_Umgebung/Test_Umgebung/ipad/build/device/Build/Intermediates.noindex/LernheftPad.build/Release-iphoneos/LernheftPad.build/DerivedSources/GeneratedAssetSymbols.swift /Applications/Xcode_26.6.app/Contents/Developer/Toolchains/XcodeDefault.xctoolchain/usr/lib/swift/iphoneos/prebuilt-modules/26.5/Dispatch.swiftmodule/arm64e-apple-ios.swiftmodule /Applications/Xcode_26.6.app/Contents/Developer/Toolchains/XcodeDefault.xctoolchain/usr/lib/swift/iphoneos/prebuilt-modules/26.5/AVFAudio.swiftmodule/arm64e-apple-ios.swiftmodule /Applications/Xcode_26.6.app/Contents/Developer/Toolchains/XcodeDefault.xctoolchain/usr/lib/swift/iphoneos/prebuilt-modules/26.5/_DarwinFoundation1.swiftmodule/arm64e-apple-ios.swiftmodule /Applications/Xcode_26.6.app/Contents/Developer/Toolchains/XcodeDefault.xctoolchain/usr/lib/swift/iphoneos/prebuilt-modules/26.5/Photos.swiftmodule/arm64e-apple-ios.swiftmodule /Applications/Xcode_26.6.app/Contents/Developer/Toolchains/XcodeDefault.xctoolchain/usr/lib/swift/iphoneos/prebuilt-modules/26.5/_Concurrency.swiftmodule/arm64e-apple-ios.swiftmodule /Applications/Xcode_26.6.app/Contents/Developer/Toolchains/XcodeDefault.xctoolchain/usr/lib/swift/iphoneos/prebuilt-modules/26.5/CoreMedia.swiftmodule/arm64e-apple-ios.swiftmodule /Applications/Xcode_26.6.app/Contents/Developer/Toolchains/XcodeDefault.xctoolchain/usr/lib/swift/iphoneos/prebuilt-modules/26.5/CoreVideo.swiftmodule/arm64e-apple-ios.swiftmodule /Applications/Xcode_26.6.app/Contents/Developer/Toolchains/XcodeDefault.xctoolchain/usr/lib/swift/iphoneos/prebuilt-modules/26.5/DeveloperToolsSupport.swiftmodule/arm64e-apple-ios.swiftmodule /Applications/Xcode_26.6.app/Contents/Developer/Toolchains/XcodeDefault.xctoolchain/usr/lib/swift/iphoneos/prebuilt-modules/26.5/Metal.swiftmodule/arm64e-apple-ios.swiftmodule /Applications/Xcode_26.6.app/Contents/Developer/Toolchains/XcodeDefault.xctoolchain/usr/lib/swift/iphoneos/prebuilt-modules/26.5/AudioToolbox.swiftmodule/arm64e-apple-ios.swiftmodule /Applications/Xcode_26.6.app/Contents/Developer/Toolchains/XcodeDefault.xctoolchain/usr/lib/swift/iphoneos/prebuilt-modules/26.5/Accessibility.swiftmodule/arm64e-apple-ios.swiftmodule /Applications/Xcode_26.6.app/Contents/Developer/Toolchains/XcodeDefault.xctoolchain/usr/lib/swift/iphoneos/prebuilt-modules/26.5/CoreFoundation.swiftmodule/arm64e-apple-ios.swiftmodule /Applications/Xcode_26.6.app/Contents/Developer/Toolchains/XcodeDefault.xctoolchain/usr/lib/swift/iphoneos/prebuilt-modules/26.5/_Builtin_float.swiftmodule/arm64e-apple-ios.swiftmodule /Applications/Xcode_26.6.app/Contents/Developer/Toolchains/XcodeDefault.xctoolchain/usr/lib/swift/iphoneos/prebuilt-modules/26.5/MetalKit.swiftmodule/arm64e-apple-ios.swiftmodule /Applications/Xcode_26.6.app/Contents/Developer/Toolchains/XcodeDefault.xctoolchain/usr/lib/swift/iphoneos/prebuilt-modules/26.5/Synchronization.swiftmodule/arm64e-apple-ios.swiftmodule /Applications/Xcode_26.6.app/Contents/Developer/Toolchains/XcodeDefault.xctoolchain/usr/lib/swift/iphoneos/prebuilt-modules/26.5/Swift.swiftmodule/arm64e-apple-ios.swiftmodule /Applications/Xcode_26.6.app/Contents/Developer/Toolchains/XcodeDefault.xctoolchain/usr/lib/swift/iphoneos/prebuilt-modules/26.5/_DarwinFoundation3.swiftmodule/arm64e-apple-ios.swiftmodule /Applications/Xcode_26.6.app/Contents/Developer/Toolchains/XcodeDefault.xctoolchain/usr/lib/swift/iphoneos/prebuilt-modules/26.5/SwiftUI.swiftmodule/arm64e-apple-ios.swiftmodule /Applications/Xcode_26.6.app/Contents/Developer/Toolchains/XcodeDefault.xctoolchain/usr/lib/swift/iphoneos/prebuilt-modules/26.5/Combine.swiftmodule/arm64e-apple-ios.swiftmodule /Applications/Xcode_26.6.app/Contents/Developer/Toolchains/XcodeDefault.xctoolchain/usr/lib/swift/iphoneos/prebuilt-modules/26.5/XPC.swiftmodule/arm64e-apple-ios.swiftmodule /Applications/Xcode_26.6.app/Contents/Developer/Toolchains/XcodeDefault.xctoolchain/usr/lib/swift/iphoneos/prebuilt-modules/26.5/ExtensionFoundation.swiftmodule/arm64e-apple-ios.swiftmodule /Applications/Xcode_26.6.app/Contents/Developer/Toolchains/XcodeDefault.xctoolchain/usr/lib/swift/iphoneos/prebuilt-modules/26.5/Vision.swiftmodule/arm64e-apple-ios.swiftmodule /Applications/Xcode_26.6.app/Contents/Developer/Toolchains/XcodeDefault.xctoolchain/usr/lib/swift/iphoneos/prebuilt-modules/26.5/DataDetection.swiftmodule/arm64e-apple-ios.swiftmodule /Applications/Xcode_26.6.app/Contents/Developer/Toolchains/XcodeDefault.xctoolchain/usr/lib/swift/iphoneos/prebuilt-modules/26.5/CoreAudio.swiftmodule/arm64e-apple-ios.swiftmodule /Applications/Xcode_26.6.app/Contents/Developer/Toolchains/XcodeDefault.xctoolchain/usr/lib/swift/iphoneos/prebuilt-modules/26.5/CoreImage.swiftmodule/arm64e-apple-ios.swiftmodule /Applications/Xcode_26.6.app/Contents/Developer/Toolchains/XcodeDefault.xctoolchain/usr/lib/swift/iphoneos/prebuilt-modules/26.5/CoreData.swiftmodule/arm64e-apple-ios.swiftmodule /Applications/Xcode_26.6.app/Contents/Developer/Toolchains/XcodeDefault.xctoolchain/usr/lib/swift/iphoneos/prebuilt-modules/26.5/CoreML.swiftmodule/arm64e-apple-ios.swiftmodule /Applications/Xcode_26.6.app/Contents/Developer/Toolchains/XcodeDefault.xctoolchain/usr/lib/swift/iphoneos/prebuilt-modules/26.5/PhotosUI.swiftmodule/arm64e-apple-ios.swiftmodule /Applications/Xcode_26.6.app/Contents/Developer/Toolchains/XcodeDefault.xctoolchain/usr/lib/swift/iphoneos/prebuilt-modules/26.5/System.swiftmodule/arm64e-apple-ios.swiftmodule /Applications/Xcode_26.6.app/Contents/Developer/Toolchains/XcodeDefault.xctoolchain/usr/lib/swift/iphoneos/prebuilt-modules/26.5/ModelIO.swiftmodule/arm64e-apple-ios.swiftmodule /Applications/Xcode_26.6.app/Contents/Developer/Toolchains/XcodeDefault.xctoolchain/usr/lib/swift/iphoneos/prebuilt-modules/26.5/simd.swiftmodule/arm64e-apple-ios.swiftmodule /Applications/Xcode_26.6.app/Contents/Developer/Toolchains/XcodeDefault.xctoolchain/usr/lib/swift/iphoneos/prebuilt-modules/26.5/QuartzCore.swiftmodule/arm64e-apple-ios.swiftmodule /Applications/Xcode_26.6.app/Contents/Developer/Toolchains/XcodeDefault.xctoolchain/usr/lib/swift/iphoneos/prebuilt-modules/26.5/FileProvider.swiftmodule/arm64e-apple-ios.swiftmodule /Applications/Xcode_26.6.app/Contents/Developer/Toolchains/XcodeDefault.xctoolchain/usr/lib/swift/iphoneos/prebuilt-modules/26.5/CoreMIDI.swiftmodule/arm64e-apple-ios.swiftmodule /Applications/Xcode_26.6.app/Contents/Developer/Toolchains/XcodeDefault.xctoolchain/usr/lib/swift/iphoneos/prebuilt-modules/26.5/OSLog.swiftmodule/arm64e-apple-ios.swiftmodule /Applications/Xcode_26.6.app/Contents/Developer/Toolchains/XcodeDefault.xctoolchain/usr/lib/swift/iphoneos/prebuilt-modules/26.5/CoreText.swiftmodule/arm64e-apple-ios.swiftmodule /Applications/Xcode_26.6.app/Contents/Developer/Toolchains/XcodeDefault.xctoolchain/usr/lib/swift/iphoneos/prebuilt-modules/26.5/_PhotosUI_SwiftUI.swiftmodule/arm64e-apple-ios.swiftmodule /Applications/Xcode_26.6.app/Contents/Developer/Toolchains/XcodeDefault.xctoolchain/usr/lib/swift/iphoneos/prebuilt-modules/26.5/SwiftUICore.swiftmodule/arm64e-apple-ios.swiftmodule /Applications/Xcode_26.6.app/Contents/Developer/Toolchains/XcodeDefault.xctoolchain/usr/lib/swift/iphoneos/prebuilt-modules/26.5/Foundation.swiftmodule/arm64e-apple-ios.swiftmodule /Applications/Xcode_26.6.app/Contents/Developer/Toolchains/XcodeDefault.xctoolchain/usr/lib/swift/iphoneos/prebuilt-modules/26.5/AVFoundation.swiftmodule/arm64e-apple-ios.swiftmodule /Applications/Xcode_26.6.app/Contents/Developer/Toolchains/XcodeDefault.xctoolchain/usr/lib/swift/iphoneos/prebuilt-modules/26.5/Distributed.swiftmodule/arm64e-apple-ios.swiftmodule /Applications/Xcode_26.6.app/Contents/Developer/Toolchains/XcodeDefault.xctoolchain/usr/lib/swift/iphoneos/prebuilt-modules/26.5/os.swiftmodule/arm64e-apple-ios.swiftmodule /Applications/Xcode_26.6.app/Contents/Developer/Toolchains/XcodeDefault.xctoolchain/usr/lib/swift/iphoneos/prebuilt-modules/26.5/Observation.swiftmodule/arm64e-apple-ios.swiftmodule /Applications/Xcode_26.6.app/Contents/Developer/Toolchains/XcodeDefault.xctoolchain/usr/lib/swift/iphoneos/prebuilt-modules/26.5/LightweightCodeRequirements.swiftmodule/arm64e-apple-ios.swiftmodule /Applications/Xcode_26.6.app/Contents/Developer/Toolchains/XcodeDefault.xctoolchain/usr/lib/swift/iphoneos/prebuilt-modules/26.5/Spatial.swiftmodule/arm64e-apple-ios.swiftmodule /Applications/Xcode_26.6.app/Contents/Developer/Toolchains/XcodeDefault.xctoolchain/usr/lib/swift/iphoneos/prebuilt-modules/26.5/_DarwinFoundation2.swiftmodule/arm64e-apple-ios.swiftmodule /Applications/Xcode_26.6.app/Contents/Developer/Toolchains/XcodeDefault.xctoolchain/usr/lib/swift/iphoneos/prebuilt-modules/26.5/UniformTypeIdentifiers.swiftmodule/arm64e-apple-ios.swiftmodule /Applications/Xcode_26.6.app/Contents/Developer/Toolchains/XcodeDefault.xctoolchain/usr/lib/swift/iphoneos/prebuilt-modules/26.5/VisionKit.swiftmodule/arm64e-apple-ios.swiftmodule /Applications/Xcode_26.6.app/Contents/Developer/Toolchains/XcodeDefault.xctoolchain/usr/lib/swift/iphoneos/prebuilt-modules/26.5/CoreTransferable.swiftmodule/arm64e-apple-ios.swiftmodule /Applications/Xcode_26.6.app/Contents/Developer/Toolchains/XcodeDefault.xctoolchain/usr/lib/swift/iphoneos/prebuilt-modules/26.5/Darwin.swiftmodule/arm64e-apple-ios.swiftmodule /Applications/Xcode_26.6.app/Contents/Developer/Toolchains/XcodeDefault.xctoolchain/usr/lib/swift/iphoneos/prebuilt-modules/26.5/CoreLocation.swiftmodule/arm64e-apple-ios.swiftmodule /Applications/Xcode_26.6.app/Contents/Developer/Toolchains/XcodeDefault.xctoolchain/usr/lib/swift/iphoneos/prebuilt-modules/26.5/CoreGraphics.swiftmodule/arm64e-apple-ios.swiftmodule /Applications/Xcode_26.6.app/Contents/Developer/Toolchains/XcodeDefault.xctoolchain/usr/lib/swift/iphoneos/prebuilt-modules/26.5/_StringProcessing.swiftmodule/arm64e-apple-ios.swiftmodule /Applications/Xcode_26.6.app/Contents/Developer/Toolchains/XcodeDefault.xctoolchain/usr/lib/swift/iphoneos/prebuilt-modules/26.5/UIKit.swiftmodule/arm64e-apple-ios.swiftmodule /Applications/Xcode_26.6.app/Contents/Developer/Toolchains/XcodeDefault.xctoolchain/usr/lib/swift/iphoneos/prebuilt-modules/26.5/PencilKit.swiftmodule/arm64e-apple-ios.swiftmodule /Applications/Xcode_26.6.app/Contents/Developer/Toolchains/XcodeDefault.xctoolchain/usr/lib/swift/iphoneos/prebuilt-modules/26.5/ObjectiveC.swiftmodule/arm64e-apple-ios.swiftmodule /Applications/Xcode_26.6.app/Contents/Developer/Toolchains/XcodeDefault.xctoolchain/usr/lib/swift/iphoneos/prebuilt-modules/26.5/Accelerate.swiftmodule/arm64e-apple-ios.swiftmodule /Applications/Xcode_26.6.app/Contents/Developer/Toolchains/XcodeDefault.xctoolchain/usr/lib/swift/iphoneos/prebuilt-modules/26.5/Network.swiftmodule/arm64e-apple-ios.swiftmodule /Applications/Xcode_26.6.app/Contents/Developer/Toolchains/XcodeDefault.xctoolchain/usr/lib/swift/iphoneos/prebuilt-modules/26.5/Symbols.swiftmodule/arm64e-apple-ios.swiftmodule /Users/runner/work/Test_Umgebung/Test_Umgebung/ipad/build/device/ModuleCache.noindex/UIKit-DACJ1B23I3UDQIUQX147Q5RLK.pcm /Users/runner/work/Test_Umgebung/Test_Umgebung/ipad/build/device/ModuleCache.noindex/UserNotifications-C2ZSZNNBNNJZO15VYKNZYI4WZ.pcm /Users/runner/work/Test_Umgebung/Test_Umgebung/ipad/build/device/ModuleCache.noindex/ModelIO-6ELN84958FU6BN14M3MP5VGNW.pcm /Users/runner/work/Test_Umgebung/Test_Umgebung/ipad/build/device/ModuleCache.noindex/Darwin-Y9Q3VCP2S8XD8JN6EJLYDLHH.pcm /Users/runner/work/Test_Umgebung/Test_Umgebung/ipad/build/device/ModuleCache.noindex/os-22AXWOU8DK9VJCOF74HKFI905.pcm /Users/runner/work/Test_Umgebung/Test_Umgebung/ipad/build/device/ModuleCache.noindex/_Builtin_stddef-9OOAP6TCA6DSUDSPZM5I44U5T.pcm /Users/runner/work/Test_Umgebung/Test_Umgebung/ipad/build/device/ModuleCache.noindex/_Builtin_limits-EVPXKEYVBDZDNNVSGT6OV4UZS.pcm /Users/runner/work/Test_Umgebung/Test_Umgebung/ipad/build/device/ModuleCache.noindex/_Builtin_tgmath-4LZ0VUUD5U7AH78PDFYE2EZEQ.pcm /Users/runner/work/Test_Umgebung/Test_Umgebung/ipad/build/device/ModuleCache.noindex/ObjectiveC-UTPIXR29ZGSR9N9G9WP3R6BD.pcm /Users/runner/work/Test_Umgebung/Test_Umgebung/ipad/build/device/ModuleCache.noindex/_Builtin_intrinsics-CF14KH98I7EI6KYPQ7XQPA21A.pcm /Users/runner/work/Test_Umgebung/Test_Umgebung/ipad/build/device/ModuleCache.noindex/ptrcheck-B0IXH75YRLKREHZSOURUVL6Q0.pcm /Users/runner/work/Test_Umgebung/Test_Umgebung/ipad/build/device/ModuleCache.noindex/OpenGLES-7P4ML3HX4TSHRCOKL7I4IQU3V.pcm /Users/runner/work/Test_Umgebung/Test_Umgebung/ipad/build/device/ModuleCache.noindex/MachO-EI5HBJ71W7UONTDOXZM9D74Z9.pcm /Users/runner/work/Test_Umgebung/Test_Umgebung/ipad/build/device/ModuleCache.noindex/CoreVideo-7CJ99OLUXY3EBMHUXCUFCTGFY.pcm /Users/runner/work/Test_Umgebung/Test_Umgebung/ipad/build/device/ModuleCache.noindex/Accelerate-D01PU2V8JOJ0B2RJHIWRAVWT9.pcm /Users/runner/work/Test_Umgebung/Test_Umgebung/ipad/build/device/ModuleCache.noindex/DeveloperToolsSupport-87AV44VUH78B64PKWXF0DPKNS.pcm /Users/runner/work/Test_Umgebung/Test_Umgebung/ipad/build/device/ModuleCache.noindex/Metal-61PIE7BOSJBZ540M7F4B3VV7U.pcm /Users/runner/work/Test_Umgebung/Test_Umgebung/ipad/build/device/ModuleCache.noindex/CFNetwork-22K98WNCGZFCLRAINGIYZTX4Q.pcm /Users/runner/work/Test_Umgebung/Test_Umgebung/ipad/build/device/ModuleCache.noindex/Accessibility-AHTBPJCCIJL0A7HH8FWS6A2NH.pcm /Users/runner/work/Test_Umgebung/Test_Umgebung/ipad/build/device/ModuleCache.noindex/os_object-A0QFM3IYIZYGO4MNG6PQPF5IM.pcm /Users/runner/work/Test_Umgebung/Test_Umgebung/ipad/build/device/ModuleCache.noindex/_DarwinFoundation1-OKKYS0CBLI42AJ9SMEKE185Y.pcm /Users/runner/work/Test_Umgebung/Test_Umgebung/ipad/build/device/ModuleCache.noindex/OSLog-WBNQO55M8663B0R9J76S9B8B.pcm /Users/runner/work/Test_Umgebung/Test_Umgebung/ipad/build/device/ModuleCache.noindex/_Builtin_stdarg-U7SL1Y14TOPJIC3AEYX0Y2B6.pcm /Users/runner/work/Test_Umgebung/Test_Umgebung/ipad/build/device/ModuleCache.noindex/CoreTransferable-F3PQZTDV8C5XPWP28U0X492G5.pcm /Users/runner/work/Test_Umgebung/Test_Umgebung/ipad/build/device/ModuleCache.noindex/SwiftUICore-4Q8RKB1B9EOMI0NC7RXHU4PZR.pcm /Users/runner/work/Test_Umgebung/Test_Umgebung/ipad/build/device/ModuleCache.noindex/_SwiftConcurrencyShims-CZ5IIXNR3U5SFA5K27VUBHAV4.pcm /Users/runner/work/Test_Umgebung/Test_Umgebung/ipad/build/device/ModuleCache.noindex/Network-B8V90W8TUN1D27FKG0MDKESHT.pcm /Users/runner/work/Test_Umgebung/Test_Umgebung/ipad/build/device/ModuleCache.noindex/Dispatch-9H4IQ6OP2G1XY5HDAHHE1CNRF.pcm /Users/runner/work/Test_Umgebung/Test_Umgebung/ipad/build/device/ModuleCache.noindex/ExtensionFoundation-A9X3UO2OWG4CHCF3OE0LTTQ51.pcm /Users/runner/work/Test_Umgebung/Test_Umgebung/ipad/build/device/ModuleCache.noindex/ImageIO-CKVP6ZNZPF3EFPHQRVR7CC1UI.pcm /Users/runner/work/Test_Umgebung/Test_Umgebung/ipad/build/device/ModuleCache.noindex/_DarwinFoundation2-BNKSN6ATC23J31WVQXJ79Q3NA.pcm /Users/runner/work/Test_Umgebung/Test_Umgebung/ipad/build/device/ModuleCache.noindex/UIUtilities-AH1TCNCQH5YF9BD0LZ4F5KP2W.pcm /Users/runner/work/Test_Umgebung/Test_Umgebung/ipad/build/device/ModuleCache.noindex/QuartzCore-62YBEKBGKHWUV3R337MLUOOX.pcm /Users/runner/work/Test_Umgebung/Test_Umgebung/ipad/build/device/ModuleCache.noindex/_Builtin_stdbool-17M95VXTU1FLZ0V6FY94P0NZC.pcm /Users/runner/work/Test_Umgebung/Test_Umgebung/ipad/build/device/ModuleCache.noindex/CoreData-CT9JGRGBZ5V3HIOQ37PW3VUGO.pcm /Users/runner/work/Test_Umgebung/Test_Umgebung/ipad/build/device/ModuleCache.noindex/AVRouting-496315GVKUUL40YSVOY1UW7J0.pcm /Users/runner/work/Test_Umgebung/Test_Umgebung/ipad/build/device/ModuleCache.noindex/ptrauth-3WZQXA4W8QWBF4E4G3WR1T5NJ.pcm /Users/runner/work/Test_Umgebung/Test_Umgebung/ipad/build/device/ModuleCache.noindex/_LocationEssentials-CT1V26NM519BEEDJCBRZU9HQD.pcm /Users/runner/work/Test_Umgebung/Test_Umgebung/ipad/build/device/ModuleCache.noindex/_AvailabilityInternal-6Z8Q6QYONUT5FI2FBA50QZ6ZT.pcm /Users/runner/work/Test_Umgebung/Test_Umgebung/ipad/build/device/ModuleCache.noindex/CoreFoundation-4CKFXHZSYWV8Y5IL6YQR3EU5K.pcm /Users/runner/work/Test_Umgebung/Test_Umgebung/ipad/build/device/ModuleCache.noindex/_DarwinFoundation3-7RFGQPFKLM05LAE0G5S4Q9781.pcm /Users/runner/work/Test_Umgebung/Test_Umgebung/ipad/build/device/ModuleCache.noindex/sys_types-ANKLZXGM8PPJZW937IPD1UX4S.pcm /Users/runner/work/Test_Umgebung/Test_Umgebung/ipad/build/device/ModuleCache.noindex/DataDetection-2SGI4T2PFQLSVSLHYJ81G7DYB.pcm /Users/runner/work/Test_Umgebung/Test_Umgebung/ipad/build/device/ModuleCache.noindex/Vision-ALVKSJAF22S9MC04H1JTL1FKU.pcm /Users/runner/work/Test_Umgebung/Test_Umgebung/ipad/build/device/ModuleCache.noindex/CoreAudioTypes-72GU1T4TC3IYYUA6XW5OMWS7W.pcm /Users/runner/work/Test_Umgebung/Test_Umgebung/ipad/build/device/ModuleCache.noindex/UniformTypeIdentifiers-7VHY35241DABRM3GA13JEDOST.pcm /Users/runner/work/Test_Umgebung/Test_Umgebung/ipad/build/device/ModuleCache.noindex/os_workgroup-C8L021G8VTL9SGAPGJ6AG9L00.pcm /Users/runner/work/Test_Umgebung/Test_Umgebung/ipad/build/device/ModuleCache.noindex/simd-9YZI0761RWPWUZIQ58CY8Y81E.pcm /Users/runner/work/Test_Umgebung/Test_Umgebung/ipad/build/device/ModuleCache.noindex/_Builtin_stdint-MQVO4P6TNZ912G0LKKM0NI29.pcm /Users/runner/work/Test_Umgebung/Test_Umgebung/ipad/build/device/ModuleCache.noindex/CoreAudio-CB38N3L2RU70QZRXT394FB980.pcm /Users/runner/work/Test_Umgebung/Test_Umgebung/ipad/build/device/ModuleCache.noindex/PencilKit-2ZQ46VK7X44KSTINUNZ8KQWVA.pcm /Users/runner/work/Test_Umgebung/Test_Umgebung/ipad/build/device/ModuleCache.noindex/MediaToolbox-3LQ5V7RVPND4CU1GD0K9C6S7A.pcm /Users/runner/work/Test_Umgebung/Test_Umgebung/ipad/build/device/ModuleCache.noindex/CoreText-ELW27ADAO5OGKHCI7FP7OAYAW.pcm /Users/runner/work/Test_Umgebung/Test_Umgebung/ipad/build/device/ModuleCache.noindex/_Builtin_inttypes-ARYHFRE0ELLXXJ69R5WQ8X4N.pcm /Users/runner/work/Test_Umgebung/Test_Umgebung/ipad/build/device/ModuleCache.noindex/CoreML-AOXW7LM3SN9RKFW9NYDWEP84S.pcm /Users/runner/work/Test_Umgebung/Test_Umgebung/ipad/build/device/ModuleCache.noindex/XPC-7YA1UKM3MOX2BQODX8ZGKKGUQ.pcm /Users/runner/work/Test_Umgebung/Test_Umgebung/ipad/build/device/ModuleCache.noindex/Spatial-9MEL5VHNHJRI9OH2EU5G6O821.pcm /Users/runner/work/Test_Umgebung/Test_Umgebung/ipad/build/device/ModuleCache.noindex/FileProvider-ADCUEHCF34UE9SM1AX07CT5US.pcm /Users/runner/work/Test_Umgebung/Test_Umgebung/ipad/build/device/ModuleCache.noindex/AudioToolbox-AGEWVVDWKV8E4OSNEDZV43JUW.pcm /Users/runner/work/Test_Umgebung/Test_Umgebung/ipad/build/device/ModuleCache.noindex/SwiftUI-D9TBTES3GUXQ6CVGJJGGMDLG8.pcm /Users/runner/work/Test_Umgebung/Test_Umgebung/ipad/build/device/ModuleCache.noindex/AVFoundation-2VM7TWSBB06WS4TM23HMTCMSO.pcm /Users/runner/work/Test_Umgebung/Test_Umgebung/ipad/build/device/ModuleCache.noindex/CoreMedia-C8LVFLL133B4504S2K93JW5RY.pcm /Users/runner/work/Test_Umgebung/Test_Umgebung/ipad/build/device/ModuleCache.noindex/Photos-5AXI1T1BYDHNW9K44CR3VBXK6.pcm /Users/runner/work/Test_Umgebung/Test_Umgebung/ipad/build/device/ModuleCache.noindex/VisionKit-U9ZXITSTGXVYM7YI3OAY05A7.pcm /Users/runner/work/Test_Umgebung/Test_Umgebung/ipad/build/device/ModuleCache.noindex/CoreMIDI-8OZZ8RYLBSTKL7LQFF2N4FQRC.pcm /Users/runner/work/Test_Umgebung/Test_Umgebung/ipad/build/device/ModuleCache.noindex/CoreGraphics-9FOYAYSKWP5U2J13CQ2L7L2S1.pcm /Users/runner/work/Test_Umgebung/Test_Umgebung/ipad/build/device/ModuleCache.noindex/PhotosUI-AGUMZM9WLZIBQA3VZWWWL8V41.pcm /Users/runner/work/Test_Umgebung/Test_Umgebung/ipad/build/device/ModuleCache.noindex/Security-92DPKYN4BZ8NYD4URKYYLVXPM.pcm /Users/runner/work/Test_Umgebung/Test_Umgebung/ipad/build/device/ModuleCache.noindex/AVFAudio-26QOX4FK3UH9UHY5TI6C60WH6.pcm /Users/runner/work/Test_Umgebung/Test_Umgebung/ipad/build/device/ModuleCache.noindex/MetalKit-6QEXFX1K4P83SDJFA9KZJ5B4T.pcm /Users/runner/work/Test_Umgebung/Test_Umgebung/ipad/build/device/ModuleCache.noindex/dnssd-9G821KNXOYF2V135CEEUXNDC8.pcm /Users/runner/work/Test_Umgebung/Test_Umgebung/ipad/build/device/ModuleCache.noindex/_Builtin_float-BVTV3BT0W06E2XVQ7AUNLT5DH.pcm /Users/runner/work/Test_Umgebung/Test_Umgebung/ipad/build/device/ModuleCache.noindex/Foundation-1TZKNQXEMT1LWWMYZ2279OHPU.pcm /Users/runner/work/Test_Umgebung/Test_Umgebung/ipad/build/device/ModuleCache.noindex/CoreLocation-3ER7SDICMJ2V6Z5C2IDCHWGLC.pcm /Users/runner/work/Test_Umgebung/Test_Umgebung/ipad/build/device/ModuleCache.noindex/CoreImage-VVYMWOPCSOQR5HKWU6JTXOFD.pcm /Users/runner/work/Test_Umgebung/Test_Umgebung/ipad/build/device/ModuleCache.noindex/SwiftShims-CJRESEWMRQ1H5RKQD40LKUN7S.pcm /Users/runner/work/Test_Umgebung/Test_Umgebung/ipad/build/device/ModuleCache.noindex/Symbols-2CB5KFRNB3Z8NS34FKXF1IBPW.pcm /Users/runner/work/Test_Umgebung/Test_Umgebung/ipad/build/device/ModuleCache.noindex/_Builtin_stdatomic-5OGQSJ2WQZK9OR27BUP8186QY.pcm /Users/runner/work/Test_Umgebung/Test_Umgebung/ipad/build/device/ModuleCache.noindex/IOSurface-AHWAI0EPLNTIUG0HKL0MZUY83.pcm /Users/runner/work/Test_Umgebung/Test_Umgebung/ipad/build/device/Build/Intermediates.noindex/LernheftPad.build/Release-iphoneos/LernheftPad.build/Objects-normal/arm64/LernheftPad-dependencies-1.json (in target 'LernheftPad' from project 'LernheftPad')

CompileSwift normal arm64 (in target 'LernheftPad' from project 'LernheftPad')
    cd /Users/runner/work/Test_Umgebung/Test_Umgebung/ipad
    

SwiftDriverJobDiscovery normal arm64 Compiling BackdropView.swift, CanvasController.swift, ConnectView.swift, Connection.swift, Demo.swift, DrawingView.swift, FunctionSheet.swift, Graph.swift, InkTools.swift, InsertSources.swift, LernheftPadApp.swift, Migration.swift, PadProtocol.swift, PadSession.swift, PortableInk.swift, QRScanner.swift, SettingsView.swift, GeneratedAssetSymbols.swift (in target 'LernheftPad' from project 'LernheftPad')

SwiftDriver\ Compilation\ Requirements LernheftPad normal arm64 com.apple.xcode.tools.swift.compiler (in target 'LernheftPad' from project 'LernheftPad')
    cd /Users/runner/work/Test_Umgebung/Test_Umgebung/ipad
    builtin-Swift-Compilation-Requirements -- /Applications/Xcode_26.6.app/Contents/Developer/Toolchains/XcodeDefault.xctoolchain/usr/bin/swiftc -module-name LernheftPad -O -whole-module-optimization @/Users/runner/work/Test_Umgebung/Test_Umgebung/ipad/build/device/Build/Intermediates.noindex/LernheftPad.build/Release-iphoneos/LernheftPad.build/Objects-normal/arm64/LernheftPad.SwiftFileList -enable-bare-slash-regex -enable-experimental-feature DebugDescriptionMacro -sdk /Applications/Xcode_26.6.app/Contents/Developer/Platforms/iPhoneOS.platform/Developer/SDKs/iPhoneOS26.5.sdk -target arm64-apple-ios17.0 -g -module-cache-path /Users/runner/work/Test_Umgebung/Test_Umgebung/ipad/build/device/ModuleCache.noindex -Xfrontend -serialize-debugging-options -swift-version 5 -I /Users/runner/work/Test_Umgebung/Test_Umgebung/ipad/build/device/Build/Products/Release-iphoneos -F /Users/runner/work/Test_Umgebung/Test_Umgebung/ipad/build/device/Build/Products/Release-iphoneos -c -num-threads 3 -Xcc -ivfsstatcache -Xcc /Users/runner/work/Test_Umgebung/Test_Umgebung/ipad/build/device/SDKStatCaches.noindex/iphoneos26.5-23F81a-688ef53f1462e2c8f657fdc38a81448fee66e23052a0157c865c76b268046726.sdkstatcache -output-file-map /Users/runner/work/Test_Umgebung/Test_Umgebung/ipad/build/device/Build/Intermediates.noindex/LernheftPad.build/Release-iphoneos/LernheftPad.build/Objects-normal/arm64/LernheftPad-OutputFileMap.json -use-frontend-parseable-output -save-temps -no-color-diagnostics -explicit-module-build -module-cache-path /Users/runner/work/Test_Umgebung/Test_Umgebung/ipad/build/device/Build/Intermediates.noindex/SwiftExplicitPrecompiledModules -clang-scanner-module-cache-path /Users/runner/work/Test_Umgebung/Test_Umgebung/ipad/build/device/ModuleCache.noindex -sdk-module-cache-path /Users/runner/work/Test_Umgebung/Test_Umgebung/ipad/build/device/ModuleCache.noindex -serialize-diagnostics -emit-dependencies -emit-module -emit-module-path /Users/runner/work/Test_Umgebung/Test_Umgebung/ipad/build/device/Build/Intermediates.noindex/LernheftPad.build/Release-iphoneos/LernheftPad.build/Objects-normal/arm64/LernheftPad.swiftmodule -validate-clang-modules-once -clang-build-session-file /Users/runner/work/Test_Umgebung/Test_Umgebung/ipad/build/device/ModuleCache.noindex/Session.modulevalidation -Xcc -I/Users/runner/work/Test_Umgebung/Test_Umgebung/ipad/build/device/Build/Intermediates.noindex/LernheftPad.build/Release-iphoneos/LernheftPad.build/swift-overrides.hmap -emit-const-values -Xfrontend -const-gather-protocols-file -Xfrontend /Users/runner/work/Test_Umgebung/Test_Umgebung/ipad/build/device/Build/Intermediates.noindex/LernheftPad.build/Release-iphoneos/LernheftPad.build/Objects-normal/arm64/LernheftPad_const_extract_protocols.json -Xcc -iquote -Xcc /Users/runner/work/Test_Umgebung/Test_Umgebung/ipad/build/device/Build/Intermediates.noindex/LernheftPad.build/Release-iphoneos/LernheftPad.build/LernheftPad-generated-files.hmap -Xcc -I/Users/runner/work/Test_Umgebung/Test_Umgebung/ipad/build/device/Build/Intermediates.noindex/LernheftPad.build/Release-iphoneos/LernheftPad.build/LernheftPad-own-target-headers.hmap -Xcc -I/Users/runner/work/Test_Umgebung/Test_Umgebung/ipad/build/device/Build/Intermediates.noindex/LernheftPad.build/Release-iphoneos/LernheftPad.build/LernheftPad-all-target-headers.hmap -Xcc -iquote -Xcc /Users/runner/work/Test_Umgebung/Test_Umgebung/ipad/build/device/Build/Intermediates.noindex/LernheftPad.build/Release-iphoneos/LernheftPad.build/LernheftPad-project-headers.hmap -Xcc -I/Users/runner/work/Test_Umgebung/Test_Umgebung/ipad/build/device/Build/Products/Release-iphoneos/include -Xcc -I/Users/runner/work/Test_Umgebung/Test_Umgebung/ipad/build/device/Build/Intermediates.noindex/LernheftPad.build/Release-iphoneos/LernheftPad.build/DerivedSources-normal/arm64 -Xcc -I/Users/runner/work/Test_Umgebung/Test_Umgebung/ipad/build/device/Build/Intermediates.noindex/LernheftPad.build/Release-iphoneos/LernheftPad.build/DerivedSources/arm64 -Xcc -I/Users/runner/work/Test_Umgebung/Test_Umgebung/ipad/build/device/Build/Intermediates.noindex/LernheftPad.build/Release-iphoneos/LernheftPad.build/DerivedSources -emit-objc-header -emit-objc-header-path /Users/runner/work/Test_Umgebung/Test_Umgebung/ipad/build/device/Build/Intermediates.noindex/LernheftPad.build/Release-iphoneos/LernheftPad.build/Objects-normal/arm64/LernheftPad-Swift.h -working-directory /Users/runner/work/Test_Umgebung/Test_Umgebung/ipad -no-emit-module-separately-wmo

SwiftMergeGeneratedHeaders /Users/runner/work/Test_Umgebung/Test_Umgebung/ipad/build/device/Build/Intermediates.noindex/LernheftPad.build/Release-iphoneos/LernheftPad.build/DerivedSources/LernheftPad-Swift.h /Users/runner/work/Test_Umgebung/Test_Umgebung/ipad/build/device/Build/Intermediates.noindex/LernheftPad.build/Release-iphoneos/LernheftPad.build/Objects-normal/arm64/LernheftPad-Swift.h (in target 'LernheftPad' from project 'LernheftPad')
    cd /Users/runner/work/Test_Umgebung/Test_Umgebung/ipad
    builtin-swiftHeaderTool -arch arm64 /Users/runner/work/Test_Umgebung/Test_Umgebung/ipad/build/device/Build/Intermediates.noindex/LernheftPad.build/Release-iphoneos/LernheftPad.build/Objects-normal/arm64/LernheftPad-Swift.h -o /Users/runner/work/Test_Umgebung/Test_Umgebung/ipad/build/device/Build/Intermediates.noindex/LernheftPad.build/Release-iphoneos/LernheftPad.build/DerivedSources/LernheftPad-Swift.h

Copy /Users/runner/work/Test_Umgebung/Test_Umgebung/ipad/build/device/Build/Products/Release-iphoneos/LernheftPad.swiftmodule/arm64-apple-ios.swiftdoc /Users/runner/work/Test_Umgebung/Test_Umgebung/ipad/build/device/Build/Intermediates.noindex/LernheftPad.build/Release-iphoneos/LernheftPad.build/Objects-normal/arm64/LernheftPad.swiftdoc (in target 'LernheftPad' from project 'LernheftPad')
    cd /Users/runner/work/Test_Umgebung/Test_Umgebung/ipad
    builtin-copy -exclude .DS_Store -exclude CVS -exclude .svn -exclude .git -exclude .hg -resolve-src-symlinks -rename /Users/runner/work/Test_Umgebung/Test_Umgebung/ipad/build/device/Build/Intermediates.noindex/LernheftPad.build/Release-iphoneos/LernheftPad.build/Objects-normal/arm64/LernheftPad.swiftdoc /Users/runner/work/Test_Umgebung/Test_Umgebung/ipad/build/device/Build/Products/Release-iphoneos/LernheftPad.swiftmodule/arm64-apple-ios.swiftdoc

Copy /Users/runner/work/Test_Umgebung/Test_Umgebung/ipad/build/device/Build/Products/Release-iphoneos/LernheftPad.swiftmodule/arm64-apple-ios.swiftmodule /Users/runner/work/Test_Umgebung/Test_Umgebung/ipad/build/device/Build/Intermediates.noindex/LernheftPad.build/Release-iphoneos/LernheftPad.build/Objects-normal/arm64/LernheftPad.swiftmodule (in target 'LernheftPad' from project 'LernheftPad')
    cd /Users/runner/work/Test_Umgebung/Test_Umgebung/ipad
    builtin-copy -exclude .DS_Store -exclude CVS -exclude .svn -exclude .git -exclude .hg -resolve-src-symlinks -rename /Users/runner/work/Test_Umgebung/Test_Umgebung/ipad/build/device/Build/Intermediates.noindex/LernheftPad.build/Release-iphoneos/LernheftPad.build/Objects-normal/arm64/LernheftPad.swiftmodule /Users/runner/work/Test_Umgebung/Test_Umgebung/ipad/build/device/Build/Products/Release-iphoneos/LernheftPad.swiftmodule/arm64-apple-ios.swiftmodule

Copy /Users/runner/work/Test_Umgebung/Test_Umgebung/ipad/build/device/Build/Products/Release-iphoneos/LernheftPad.swiftmodule/arm64-apple-ios.abi.json /Users/runner/work/Test_Umgebung/Test_Umgebung/ipad/build/device/Build/Intermediates.noindex/LernheftPad.build/Release-iphoneos/LernheftPad.build/Objects-normal/arm64/LernheftPad.abi.json (in target 'LernheftPad' from project 'LernheftPad')
    cd /Users/runner/work/Test_Umgebung/Test_Umgebung/ipad
    builtin-copy -exclude .DS_Store -exclude CVS -exclude .svn -exclude .git -exclude .hg -resolve-src-symlinks -rename /Users/runner/work/Test_Umgebung/Test_Umgebung/ipad/build/device/Build/Intermediates.noindex/LernheftPad.build/Release-iphoneos/LernheftPad.build/Objects-normal/arm64/LernheftPad.abi.json /Users/runner/work/Test_Umgebung/Test_Umgebung/ipad/build/device/Build/Products/Release-iphoneos/LernheftPad.swiftmodule/arm64-apple-ios.abi.json

Copy /Users/runner/work/Test_Umgebung/Test_Umgebung/ipad/build/device/Build/Products/Release-iphoneos/LernheftPad.swiftmodule/Project/arm64-apple-ios.swiftsourceinfo /Users/runner/work/Test_Umgebung/Test_Umgebung/ipad/build/device/Build/Intermediates.noindex/LernheftPad.build/Release-iphoneos/LernheftPad.build/Objects-normal/arm64/LernheftPad.swiftsourceinfo (in target 'LernheftPad' from project 'LernheftPad')
    cd /Users/runner/work/Test_Umgebung/Test_Umgebung/ipad
    builtin-copy -exclude .DS_Store -exclude CVS -exclude .svn -exclude .git -exclude .hg -resolve-src-symlinks -rename /Users/runner/work/Test_Umgebung/Test_Umgebung/ipad/build/device/Build/Intermediates.noindex/LernheftPad.build/Release-iphoneos/LernheftPad.build/Objects-normal/arm64/LernheftPad.swiftsourceinfo /Users/runner/work/Test_Umgebung/Test_Umgebung/ipad/build/device/Build/Products/Release-iphoneos/LernheftPad.swiftmodule/Project/arm64-apple-ios.swiftsourceinfo

Ld /Users/runner/work/Test_Umgebung/Test_Umgebung/ipad/build/device/Build/Products/Release-iphoneos/LernheftPad.app/LernheftPad normal (in target 'LernheftPad' from project 'LernheftPad')
    cd /Users/runner/work/Test_Umgebung/Test_Umgebung/ipad
    /Applications/Xcode_26.6.app/Contents/Developer/Toolchains/XcodeDefault.xctoolchain/usr/bin/clang -Xlinker -reproducible -target arm64-apple-ios17.0 -isysroot /Applications/Xcode_26.6.app/Contents/Developer/Platforms/iPhoneOS.platform/Developer/SDKs/iPhoneOS26.5.sdk -Os -L/Users/runner/work/Test_Umgebung/Test_Umgebung/ipad/build/device/Build/Intermediates.noindex/EagerLinkingTBDs/Release-iphoneos -L/Users/runner/work/Test_Umgebung/Test_Umgebung/ipad/build/device/Build/Products/Release-iphoneos -F/Users/runner/work/Test_Umgebung/Test_Umgebung/ipad/build/device/Build/Intermediates.noindex/EagerLinkingTBDs/Release-iphoneos -F/Users/runner/work/Test_Umgebung/Test_Umgebung/ipad/build/device/Build/Products/Release-iphoneos -filelist /Users/runner/work/Test_Umgebung/Test_Umgebung/ipad/build/device/Build/Intermediates.noindex/LernheftPad.build/Release-iphoneos/LernheftPad.build/Objects-normal/arm64/LernheftPad.LinkFileList -Xlinker -rpath -Xlinker /usr/lib/swift -Xlinker -rpath -Xlinker @executable_path/Frameworks -Xlinker -dead_strip -Xlinker -object_path_lto -Xlinker /Users/runner/work/Test_Umgebung/Test_Umgebung/ipad/build/device/Build/Intermediates.noindex/LernheftPad.build/Release-iphoneos/LernheftPad.build/Objects-normal/arm64/LernheftPad_lto.o -Xlinker -dependency_info -Xlinker /Users/runner/work/Test_Umgebung/Test_Umgebung/ipad/build/device/Build/Intermediates.noindex/LernheftPad.build/Release-iphoneos/LernheftPad.build/Objects-normal/arm64/LernheftPad_dependency_info.dat -fobjc-link-runtime -L/Applications/Xcode_26.6.app/Contents/Developer/Toolchains/XcodeDefault.xctoolchain/usr/lib/swift/iphoneos -L/usr/lib/swift -Xlinker -add_ast_path -Xlinker /Users/runner/work/Test_Umgebung/Test_Umgebung/ipad/build/device/Build/Intermediates.noindex/LernheftPad.build/Release-iphoneos/LernheftPad.build/Objects-normal/arm64/LernheftPad.swiftmodule @/Users/runner/work/Test_Umgebung/Test_Umgebung/ipad/build/device/Build/Intermediates.noindex/LernheftPad.build/Release-iphoneos/LernheftPad.build/Objects-normal/arm64/LernheftPad-linker-args.resp -o /Users/runner/work/Test_Umgebung/Test_Umgebung/ipad/build/device/Build/Products/Release-iphoneos/LernheftPad.app/LernheftPad

GenerateDSYMFile /Users/runner/work/Test_Umgebung/Test_Umgebung/ipad/build/device/Build/Products/Release-iphoneos/LernheftPad.app.dSYM /Users/runner/work/Test_Umgebung/Test_Umgebung/ipad/build/device/Build/Products/Release-iphoneos/LernheftPad.app/LernheftPad (in target 'LernheftPad' from project 'LernheftPad')
    cd /Users/runner/work/Test_Umgebung/Test_Umgebung/ipad
    /Applications/Xcode_26.6.app/Contents/Developer/Toolchains/XcodeDefault.xctoolchain/usr/bin/dsymutil /Users/runner/work/Test_Umgebung/Test_Umgebung/ipad/build/device/Build/Products/Release-iphoneos/LernheftPad.app/LernheftPad -o /Users/runner/work/Test_Umgebung/Test_Umgebung/ipad/build/device/Build/Products/Release-iphoneos/LernheftPad.app.dSYM

ExtractAppIntentsMetadata (in target 'LernheftPad' from project 'LernheftPad')
    cd /Users/runner/work/Test_Umgebung/Test_Umgebung/ipad
    /Applications/Xcode_26.6.app/Contents/Developer/Toolchains/XcodeDefault.xctoolchain/usr/bin/appintentsmetadataprocessor --toolchain-dir /var/run/com.apple.security.cryptexd/mnt/com.apple.MobileAsset.MetalToolchain-v17.6.109.0.XRegiI/Metal.xctoolchain --module-name LernheftPad --sdk-root /Applications/Xcode_26.6.app/Contents/Developer/Platforms/iPhoneOS.platform/Developer/SDKs/iPhoneOS26.5.sdk --xcode-version 17F113 --platform-family iOS --deployment-target 17.0 --bundle-identifier de.lernheft.stift --output /Users/runner/work/Test_Umgebung/Test_Umgebung/ipad/build/device/Build/Products/Release-iphoneos/LernheftPad.app --target-triple arm64-apple-ios17.0 --binary-file /Users/runner/work/Test_Umgebung/Test_Umgebung/ipad/build/device/Build/Products/Release-iphoneos/LernheftPad.app/LernheftPad --dependency-file /Users/runner/work/Test_Umgebung/Test_Umgebung/ipad/build/device/Build/Intermediates.noindex/LernheftPad.build/Release-iphoneos/LernheftPad.build/Objects-normal/arm64/LernheftPad_dependency_info.dat --stringsdata-file /Users/runner/work/Test_Umgebung/Test_Umgebung/ipad/build/device/Build/Intermediates.noindex/LernheftPad.build/Release-iphoneos/LernheftPad.build/Objects-normal/arm64/ExtractedAppShortcutsMetadata.stringsdata --source-file-list /Users/runner/work/Test_Umgebung/Test_Umgebung/ipad/build/device/Build/Intermediates.noindex/LernheftPad.build/Release-iphoneos/LernheftPad.build/Objects-normal/arm64/LernheftPad.SwiftFileList --metadata-file-list /Users/runner/work/Test_Umgebung/Test_Umgebung/ipad/build/device/Build/Intermediates.noindex/LernheftPad.build/Release-iphoneos/LernheftPad.build/LernheftPad.DependencyMetadataFileList --static-metadata-file-list /Users/runner/work/Test_Umgebung/Test_Umgebung/ipad/build/device/Build/Intermediates.noindex/LernheftPad.build/Release-iphoneos/LernheftPad.build/LernheftPad.DependencyStaticMetadataFileList --swift-const-vals-list /Users/runner/work/Test_Umgebung/Test_Umgebung/ipad/build/device/Build/Intermediates.noindex/LernheftPad.build/Release-iphoneos/LernheftPad.build/Objects-normal/arm64/LernheftPad.SwiftConstValuesFileList --compile-time-extraction --deployment-aware-processing --validate-assistant-intents --no-app-shortcuts-localization
2026-09-24 14:13:13.398 appintentsmetadataprocessor[3088:12380] Starting appintentsmetadataprocessor export
2026-09-24 14:13:13.411 appintentsmetadataprocessor[3088:12380] warning: Metadata extraction skipped. No AppIntents.framework dependency found.

CopySwiftLibs /Users/runner/work/Test_Umgebung/Test_Umgebung/ipad/build/device/Build/Products/Release-iphoneos/LernheftPad.app (in target 'LernheftPad' from project 'LernheftPad')
    cd /Users/runner/work/Test_Umgebung/Test_Umgebung/ipad
    builtin-swiftStdLibTool --copy --verbose --scan-executable /Users/runner/work/Test_Umgebung/Test_Umgebung/ipad/build/device/Build/Products/Release-iphoneos/LernheftPad.app/LernheftPad --scan-folder /Users/runner/work/Test_Umgebung/Test_Umgebung/ipad/build/device/Build/Products/Release-iphoneos/LernheftPad.app/Frameworks --scan-folder /Users/runner/work/Test_Umgebung/Test_Umgebung/ipad/build/device/Build/Products/Release-iphoneos/LernheftPad.app/PlugIns --scan-folder /Users/runner/work/Test_Umgebung/Test_Umgebung/ipad/build/device/Build/Products/Release-iphoneos/LernheftPad.app/SystemExtensions --scan-folder /Users/runner/work/Test_Umgebung/Test_Umgebung/ipad/build/device/Build/Products/Release-iphoneos/LernheftPad.app/Extensions --platform iphoneos --toolchain /var/run/com.apple.security.cryptexd/mnt/com.apple.MobileAsset.MetalToolchain-v17.6.109.0.XRegiI/Metal.xctoolchain --toolchain /Applications/Xcode_26.6.app/Contents/Developer/Toolchains/XcodeDefault.xctoolchain --destination /Users/runner/work/Test_Umgebung/Test_Umgebung/ipad/build/device/Build/Products/Release-iphoneos/LernheftPad.app/Frameworks --strip-bitcode --strip-bitcode-tool /Applications/Xcode_26.6.app/Contents/Developer/Toolchains/XcodeDefault.xctoolchain/usr/bin/bitcode_strip --emit-dependency-info /Users/runner/work/Test_Umgebung/Test_Umgebung/ipad/build/device/Build/Intermediates.noindex/LernheftPad.build/Release-iphoneos/LernheftPad.build/SwiftStdLibToolInputDependencies.dep --filter-for-swift-os --back-deploy-swift-span
Ignoring --strip-bitcode because --sign was not passed

AppIntentsSSUTraining (in target 'LernheftPad' from project 'LernheftPad')
    cd /Users/runner/work/Test_Umgebung/Test_Umgebung/ipad
    /Applications/Xcode_26.6.app/Contents/Developer/Toolchains/XcodeDefault.xctoolchain/usr/bin/appintentsnltrainingprocessor --infoplist-path /Users/runner/work/Test_Umgebung/Test_Umgebung/ipad/build/device/Build/Products/Release-iphoneos/LernheftPad.app/Info.plist --temp-dir-path /Users/runner/work/Test_Umgebung/Test_Umgebung/ipad/build/device/Build/Intermediates.noindex/LernheftPad.build/Release-iphoneos/LernheftPad.build/ssu --bundle-id de.lernheft.stift --product-path /Users/runner/work/Test_Umgebung/Test_Umgebung/ipad/build/device/Build/Products/Release-iphoneos/LernheftPad.app --extracted-metadata-path /Users/runner/work/Test_Umgebung/Test_Umgebung/ipad/build/device/Build/Products/Release-iphoneos/LernheftPad.app/Metadata.appintents --metadata-file-list /Users/runner/work/Test_Umgebung/Test_Umgebung/ipad/build/device/Build/Intermediates.noindex/LernheftPad.build/Release-iphoneos/LernheftPad.build/LernheftPad.DependencyMetadataFileList --source-file /Users/runner/work/Test_Umgebung/Test_Umgebung/ipad/build/device/Build/Products/Release-iphoneos/LernheftPad.app/Info.plist --archive-ssu-assets
2026-09-24 14:13:13.461 appintentsnltrainingprocessor[3094:12392] Parsing options for appintentsnltrainingprocessor
2026-09-24 14:13:13.462 appintentsnltrainingprocessor[3094:12392] Starting AppIntents SSU YAML Generation
2026-09-24 14:13:13.467 appintentsnltrainingprocessor[3094:12392] No AppShortcuts found - Skipping.

RegisterExecutionPolicyException /Users/runner/work/Test_Umgebung/Test_Umgebung/ipad/build/device/Build/Products/Release-iphoneos/LernheftPad.app (in target 'LernheftPad' from project 'LernheftPad')
    cd /Users/runner/work/Test_Umgebung/Test_Umgebung/ipad
    builtin-RegisterExecutionPolicyException /Users/runner/work/Test_Umgebung/Test_Umgebung/ipad/build/device/Build/Products/Release-iphoneos/LernheftPad.app

Validate /Users/runner/work/Test_Umgebung/Test_Umgebung/ipad/build/device/Build/Products/Release-iphoneos/LernheftPad.app (in target 'LernheftPad' from project 'LernheftPad')
    cd /Users/runner/work/Test_Umgebung/Test_Umgebung/ipad
    builtin-validationUtility /Users/runner/work/Test_Umgebung/Test_Umgebung/ipad/build/device/Build/Products/Release-iphoneos/LernheftPad.app -shallow-bundle -infoplist-subpath Info.plist

Touch /Users/runner/work/Test_Umgebung/Test_Umgebung/ipad/build/device/Build/Products/Release-iphoneos/LernheftPad.app (in target 'LernheftPad' from project 'LernheftPad')
    cd /Users/runner/work/Test_Umgebung/Test_Umgebung/ipad
    /usr/bin/touch -c /Users/runner/work/Test_Umgebung/Test_Umgebung/ipad/build/device/Build/Products/Release-iphoneos/LernheftPad.app

** BUILD SUCCEEDED **

